Archive member included to satisfy reference by file (symbol)

c:/st/stm32cubeide_1.4.0/stm32cubeide/plugins/com.st.stm32cube.ide.mcu.externaltools.gnu-tools-for-stm32.7-2018-q2-update.win32_1.4.0.202007081208/tools/bin/../lib/gcc/arm-none-eabi/7.3.1/../../../../arm-none-eabi/lib/thumb/v7e-m/fpv4-sp/hard\libc_nano.a(lib_a-errno.o)
                              Core/Src/syscalls.o (__errno)
c:/st/stm32cubeide_1.4.0/stm32cubeide/plugins/com.st.stm32cube.ide.mcu.externaltools.gnu-tools-for-stm32.7-2018-q2-update.win32_1.4.0.202007081208/tools/bin/../lib/gcc/arm-none-eabi/7.3.1/../../../../arm-none-eabi/lib/thumb/v7e-m/fpv4-sp/hard\libc_nano.a(lib_a-exit.o)
                              c:/st/stm32cubeide_1.4.0/stm32cubeide/plugins/com.st.stm32cube.ide.mcu.externaltools.gnu-tools-for-stm32.7-2018-q2-update.win32_1.4.0.202007081208/tools/bin/../lib/gcc/arm-none-eabi/7.3.1/../../../../arm-none-eabi/lib/thumb/v7e-m/fpv4-sp/hard/crt0.o (exit)
c:/st/stm32cubeide_1.4.0/stm32cubeide/plugins/com.st.stm32cube.ide.mcu.externaltools.gnu-tools-for-stm32.7-2018-q2-update.win32_1.4.0.202007081208/tools/bin/../lib/gcc/arm-none-eabi/7.3.1/../../../../arm-none-eabi/lib/thumb/v7e-m/fpv4-sp/hard\libc_nano.a(lib_a-impure.o)
                              c:/st/stm32cubeide_1.4.0/stm32cubeide/plugins/com.st.stm32cube.ide.mcu.externaltools.gnu-tools-for-stm32.7-2018-q2-update.win32_1.4.0.202007081208/tools/bin/../lib/gcc/arm-none-eabi/7.3.1/../../../../arm-none-eabi/lib/thumb/v7e-m/fpv4-sp/hard\libc_nano.a(lib_a-exit.o) (_global_impure_ptr)
c:/st/stm32cubeide_1.4.0/stm32cubeide/plugins/com.st.stm32cube.ide.mcu.externaltools.gnu-tools-for-stm32.7-2018-q2-update.win32_1.4.0.202007081208/tools/bin/../lib/gcc/arm-none-eabi/7.3.1/../../../../arm-none-eabi/lib/thumb/v7e-m/fpv4-sp/hard\libc_nano.a(lib_a-init.o)
                              c:/st/stm32cubeide_1.4.0/stm32cubeide/plugins/com.st.stm32cube.ide.mcu.externaltools.gnu-tools-for-stm32.7-2018-q2-update.win32_1.4.0.202007081208/tools/bin/../lib/gcc/arm-none-eabi/7.3.1/../../../../arm-none-eabi/lib/thumb/v7e-m/fpv4-sp/hard/crt0.o (__libc_init_array)
c:/st/stm32cubeide_1.4.0/stm32cubeide/plugins/com.st.stm32cube.ide.mcu.externaltools.gnu-tools-for-stm32.7-2018-q2-update.win32_1.4.0.202007081208/tools/bin/../lib/gcc/arm-none-eabi/7.3.1/../../../../arm-none-eabi/lib/thumb/v7e-m/fpv4-sp/hard\libc_nano.a(lib_a-memcpy-stub.o)
                              Core/Src/httpd.o (memcpy)
c:/st/stm32cubeide_1.4.0/stm32cubeide/plugins/com.st.stm32cube.ide.mcu.externaltools.gnu-tools-for-stm32.7-2018-q2-update.win32_1.4.0.202007081208/tools/bin/../lib/gcc/arm-none-eabi/7.3.1/../../../../arm-none-eabi/lib/thumb/v7e-m/fpv4-sp/hard\libc_nano.a(lib_a-memset.o)
                              c:/st/stm32cubeide_1.4.0/stm32cubeide/plugins/com.st.stm32cube.ide.mcu.externaltools.gnu-tools-for-stm32.7-2018-q2-update.win32_1.4.0.202007081208/tools/bin/../lib/gcc/arm-none-eabi/7.3.1/../../../../arm-none-eabi/lib/thumb/v7e-m/fpv4-sp/hard/crt0.o (memset)
c:/st/stm32cubeide_1.4.0/stm32cubeide/plugins/com.st.stm32cube.ide.mcu.externaltools.gnu-tools-for-stm32.7-2018-q2-update.win32_1.4.0.202007081208/tools/bin/../lib/gcc/arm-none-eabi/7.3.1/../../../../arm-none-eabi/lib/thumb/v7e-m/fpv4-sp/hard\libc_nano.a(lib_a-strchr.o)
                              Core/Src/httpd.o (strchr)
c:/st/stm32cubeide_1.4.0/stm32cubeide/plugins/com.st.stm32cube.ide.mcu.externaltools.gnu-tools-for-stm32.7-2018-q2-update.win32_1.4.0.202007081208/tools/bin/../lib/gcc/arm-none-eabi/7.3.1/../../../../arm-none-eabi/lib/thumb/v7e-m/fpv4-sp/hard\libc_nano.a(lib_a-strcpy.o)
                              Core/Src/httpd.o (strcpy)
c:/st/stm32cubeide_1.4.0/stm32cubeide/plugins/com.st.stm32cube.ide.mcu.externaltools.gnu-tools-for-stm32.7-2018-q2-update.win32_1.4.0.202007081208/tools/bin/../lib/gcc/arm-none-eabi/7.3.1/../../../../arm-none-eabi/lib/thumb/v7e-m/fpv4-sp/hard\libc_nano.a(lib_a-strlen.o)
                              Core/Src/httpd.o (strlen)
c:/st/stm32cubeide_1.4.0/stm32cubeide/plugins/com.st.stm32cube.ide.mcu.externaltools.gnu-tools-for-stm32.7-2018-q2-update.win32_1.4.0.202007081208/tools/bin/../lib/gcc/arm-none-eabi/7.3.1/../../../../arm-none-eabi/lib/thumb/v7e-m/fpv4-sp/hard\libc_nano.a(lib_a-strncmp.o)
                              Core/Src/httpd.o (strncmp)
c:/st/stm32cubeide_1.4.0/stm32cubeide/plugins/com.st.stm32cube.ide.mcu.externaltools.gnu-tools-for-stm32.7-2018-q2-update.win32_1.4.0.202007081208/tools/bin/../lib/gcc/arm-none-eabi/7.3.1/thumb/v7e-m/fpv4-sp/hard\libgcc.a(_aeabi_uldivmod.o)
                              Drivers/STM32F4xx_HAL_Driver/Src/stm32f4xx_hal_rcc.o (__aeabi_uldivmod)
c:/st/stm32cubeide_1.4.0/stm32cubeide/plugins/com.st.stm32cube.ide.mcu.externaltools.gnu-tools-for-stm32.7-2018-q2-update.win32_1.4.0.202007081208/tools/bin/../lib/gcc/arm-none-eabi/7.3.1/thumb/v7e-m/fpv4-sp/hard\libgcc.a(_udivmoddi4.o)
[...]
Memory Configuration

Name             Origin             Length             Attributes
CCMRAM           0x0000000010000000 0x0000000000010000 xrw
RAM              0x0000000020000000 0x0000000000020000 xrw
FLASH            0x0000000008000000 0x0000000000100000 xr
*default*        0x0000000000000000 0xffffffffffffffff

Linker script and memory map

LOAD c:/st/stm32cubeide_1.4.0/stm32cubeide/plugins/com.st.stm32cube.ide.mcu.externaltools.gnu-tools-for-stm32.7-2018-q2-update.win32_1.4.0.202007081208/tools/bin/../lib/gcc/arm-none-eabi/7.3.1/thumb/v7e-m/fpv4-sp/hard/crti.o
LOAD c:/st/stm32cubeide_1.4.0/stm32cubeide/plugins/com.st.stm32cube.ide.mcu.externaltools.gnu-tools-for-stm32.7-2018-q2-update.win32_1.4.0.202007081208/tools/bin/../lib/gcc/arm-none-eabi/7.3.1/thumb/v7e-m/fpv4-sp/hard/crtbegin.o
LOAD c:/st/stm32cubeide_1.4.0/stm32cubeide/plugins/com.st.stm32cube.ide.mcu.externaltools.gnu-tools-for-stm32.7-2018-q2-update.win32_1.4.0.202007081208/tools/bin/../lib/gcc/arm-none-eabi/7.3.1/../../../../arm-none-eabi/lib/thumb/v7e-m/fpv4-sp/hard/crt0.o
LOAD Core/Src/gpio.o
LOAD Core/Src/httpd.o
LOAD Core/Src/main.o
LOAD Core/Src/sd_spi.o
LOAD Core/Src/spi.o
LOAD Core/Src/stm32f4xx_hal_msp.o
LOAD Core/Src/stm32f4xx_it.o
LOAD Core/Src/syscalls.o
LOAD Core/Src/sysmem.o
LOAD Core/Src/system_stm32f4xx.o
LOAD Core/Src/usart.o
LOAD Core/Src/w5500.o
LOAD Core/Startup/startup_stm32f407vgtx.o
LOAD Drivers/STM32F4xx_HAL_Driver/Src/stm32f4xx_hal.o
LOAD Drivers/STM32F4xx_HAL_Driver/Src/stm32f4xx_hal_cortex.o
LOAD Drivers/STM32F4xx_HAL_Driver/Src/stm32f4xx_hal_dma.o
LOAD Drivers/STM32F4xx_HAL_Driver/Src/stm32f4xx_hal_dma_ex.o
LOAD Drivers/STM32F4xx_HAL_Driver/Src/stm32f4xx_hal_exti.o
LOAD Drivers/STM32F4xx_HAL_Driver/Src/stm32f4xx_hal_flash.o
LOAD Drivers/STM32F4xx_HAL_Driver/Src/stm32f4xx_hal_flash_ex.o
LOAD Drivers/STM32F4xx_HAL_Driver/Src/stm32f4xx_hal_flash_ramfunc.o
LOAD Drivers/STM32F4xx_HAL_Driver/Src/stm32f4xx_hal_gpio.o
LOAD Drivers/STM32F4xx_HAL_Driver/Src/stm32f4xx_hal_pwr.o
LOAD Drivers/STM32F4xx_HAL_Driver/Src/stm32f4xx_hal_pwr_ex.o
LOAD Drivers/STM32F4xx_HAL_Driver/Src/stm32f4xx_hal_rcc.o
LOAD Drivers/STM32F4xx_HAL_Driver/Src/stm32f4xx_hal_rcc_ex.o
LOAD Drivers/STM32F4xx_HAL_Driver/Src/stm32f4xx_hal_spi.o
LOAD Drivers/STM32F4xx_HAL_Driver/Src/stm32f4xx_hal_tim.o
LOAD Drivers/STM32F4xx_HAL_Driver/Src/stm32f4xx_hal_tim_ex.o
LOAD Drivers/STM32F4xx_HAL_Driver/Src/stm32f4xx_hal_uart.o
LOAD FATFS/App/fatfs.o
LOAD FATFS/Target/user_diskio.o
LOAD Middlewares/Third_Party/FatFs/src/diskio.o
LOAD Middlewares/Third_Party/FatFs/src/ff.o
LOAD Middlewares/Third_Party/FatFs/src/ff_gen_drv.o
LOAD Middlewares/Third_Party/FatFs/src/option/ccsbcs.o
LOAD Middlewares/Third_Party/FatFs/src/option/syscall.o
START GROUP
LOAD c:/st/stm32cubeide_1.4.0/stm32cubeide/plugins/com.st.stm32cube.ide.mcu.externaltools.gnu-tools-for-stm32.7-2018-q2-update.win32_1.4.0.202007081208/tools/bin/../lib/gcc/arm-none-eabi/7.3.1/../../../../arm-none-eabi/lib/thumb/v7e-m/fpv4-sp/hard\libc_nano.a
LOAD c:/st/stm32cubeide_1.4.0/stm32cubeide/plugins/com.st.stm32cube.ide.mcu.externaltools.gnu-tools-for-stm32.7-2018-q2-update.win32_1.4.0.202007081208/tools/bin/../lib/gcc/arm-none-eabi/7.3.1/../../../../arm-none-eabi/lib/thumb/v7e-m/fpv4-sp/hard\libm.a
END GROUP
START GROUP
LOAD c:/st/stm32cubeide_1.4.0/stm32cubeide/plugins/com.st.stm32cube.ide.mcu.externaltools.gnu-tools-for-stm32.7-2018-q2-update.win32_1.4.0.202007081208/tools/bin/../lib/gcc/arm-none-eabi/7.3.1/thumb/v7e-m/fpv4-sp/hard\libgcc.a
LOAD c:/st/stm32cubeide_1.4.0/stm32cubeide/plugins/com.st.stm32cube.ide.mcu.externaltools.gnu-tools-for-stm32.7-2018-q2-update.win32_1.4.0.202007081208/tools/bin/../lib/gcc/arm-none-eabi/7.3.1/../../../../arm-none-eabi/lib/thumb/v7e-m/fpv4-sp/hard\libc_nano.a
END GROUP
START GROUP
LOAD c:/st/stm32cubeide_1.4.0/stm32cubeide/plugins/com.st.stm32cube.ide.mcu.externaltools.gnu-tools-for-stm32.7-2018-q2-update.win32_1.4.0.202007081208/tools/bin/../lib/gcc/arm-none-eabi/7.3.1/thumb/v7e-m/fpv4-sp/hard\libgcc.a
LOAD c:/st/stm32cubeide_1.4.0/stm32cubeide/plugins/com.st.stm32cube.ide.mcu.externaltools.gnu-tools-for-stm32.7-2018-q2-update.win32_1.4.0.202007081208/tools/bin/../lib/gcc/arm-none-eabi/7.3.1/../../../../arm-none-eabi/lib/thumb/v7e-m/fpv4-sp/hard\libc_nano.a
LOAD c:/st/stm32cubeide_1.4.0/stm32cubeide/plugins/com.st.stm32cube.ide.mcu.externaltools.gnu-tools-for-stm32.7-2018-q2-update.win32_1.4.0.202007081208/tools/bin/../lib/gcc/arm-none-eabi/7.3.1/../../../../arm-none-eabi/lib/thumb/v7e-m/fpv4-sp/hard\libnosys.a
END GROUP
START GROUP
LOAD c:/st/stm32cubeide_1.4.0/stm32cubeide/plugins/com.st.stm32cube.ide.mcu.externaltools.gnu-tools-for-stm32.7-2018-q2-update.win32_1.4.0.202007081208/tools/bin/../lib/gcc/arm-none-eabi/7.3.1/thumb/v7e-m/fpv4-sp/hard\libgcc.a
LOAD c:/st/stm32cubeide_1.4.0/stm32cubeide/plugins/com.st.stm32cube.ide.mcu.externaltools.gnu-tools-for-stm32.7-2018-q2-update.win32_1.4.0.202007081208/tools/bin/../lib/gcc/arm-none-eabi/7.3.1/../../../../arm-none-eabi/lib/thumb/v7e-m/fpv4-sp/hard\libc_nano.a
LOAD c:/st/stm32cubeide_1.4.0/stm32cubeide/plugins/com.st.stm32cube.ide.mcu.externaltools.gnu-tools-for-stm32.7-2018-q2-update.win32_1.4.0.202007081208/tools/bin/../lib/gcc/arm-none-eabi/7.3.1/../../../../arm-none-eabi/lib/thumb/v7e-m/fpv4-sp/hard\libnosys.a
END GROUP
LOAD c:/st/stm32cubeide_1.4.0/stm32cubeide/plugins/com.st.stm32cube.ide.mcu.externaltools.gnu-tools-for-stm32.7-2018-q2-update.win32_1.4.0.202007081208/tools/bin/../lib/gcc/arm-none-eabi/7.3.1/thumb/v7e-m/fpv4-sp/hard/crtend.o
LOAD c:/st/stm32cubeide_1.4.0/stm32cubeide/plugins/com.st.stm32cube.ide.mcu.externaltools.gnu-tools-for-stm32.7-2018-q2-update.win32_1.4.0.202007081208/tools/bin/../lib/gcc/arm-none-eabi/7.3.1/thumb/v7e-m/fpv4-sp/hard/crtn.o
                0x0000000020020000                _estack = (ORIGIN (RAM) + LENGTH (RAM))
                0x0000000000000400                _Min_Heap_Size = 0x400
                0x0000000000000800                _Min_Stack_Size = 0x800

.isr_vector     0x0000000008000000      0x188
                0x0000000008000000                . = ALIGN (0x4)
 *(.isr_vector)
 .isr_vector    0x0000000008000000      0x188 Core/Startup/startup_stm32f407vgtx.o
                0x0000000008000000                g_pfnVectors
                0x0000000008000188                . = ALIGN (0x4)

.text           0x0000000008000188     0x7880
                0x0000000008000188                . = ALIGN (0x4)
 *(.text)
 .text          0x0000000008000188       0x40 c:/st/stm32cubeide_1.4.0/stm32cubeide/plugins/com.st.stm32cube.ide.mcu.externaltools.gnu-tools-for-stm32.7-2018-q2-update.win32_1.4.0.202007081208/tools/bin/../lib/gcc/arm-none-eabi/7.3.1/thumb/v7e-m/fpv4-sp/hard/crtbegin.o
 .text          0x00000000080001c8       0x10 c:/st/stm32cubeide_1.4.0/stm32cubeide/plugins/com.st.stm32cube.ide.mcu.externaltools.gnu-tools-for-stm32.7-2018-q2-update.win32_1.4.0.202007081208/tools/bin/../lib/gcc/arm-none-eabi/7.3.1/../../../../arm-none-eabi/lib/thumb/v7e-m/fpv4-sp/hard\libc_nano.a(lib_a-strlen.o)
                0x00000000080001c8                strlen
 .text          0x00000000080001d8       0x30 c:/st/stm32cubeide_1.4.0/stm32cubeide/plugins/com.st.stm32cube.ide.mcu.externaltools.gnu-tools-for-stm32.7-2018-q2-update.win32_1.4.0.202007081208/tools/bin/../lib/gcc/arm-none-eabi/7.3.1/thumb/v7e-m/fpv4-sp/hard\libgcc.a(_aeabi_uldivmod.o)
                0x00000000080001d8                __aeabi_uldivmod
 .text          0x0000000008000208      0x2cc c:/st/stm32cubeide_1.4.0/stm32cubeide/plugins/com.st.stm32cube.ide.mcu.externaltools.gnu-tools-for-stm32.7-2018-q2-update.win32_1.4.0.202007081208/tools/bin/../lib/gcc/arm-none-eabi/7.3.1/thumb/v7e-m/fpv4-sp/hard\libgcc.a(_udivmoddi4.o)
                0x0000000008000208                __udivmoddi4
 .text          0x00000000080004d4        0x4 c:/st/stm32cubeide_1.4.0/stm32cubeide/plugins/com.st.stm32cube.ide.mcu.externaltools.gnu-tools-for-stm32.7-2018-q2-update.win32_1.4.0.202007081208/tools/bin/../lib/gcc/arm-none-eabi/7.3.1/thumb/v7e-m/fpv4-sp/hard\libgcc.a(_dvmd_tls.o)
                0x00000000080004d4                __aeabi_idiv0
                0x00000000080004d4                __aeabi_ldiv0
 *(.text*)
 .text.MX_GPIO_Init
                0x00000000080004d8      0x18c Core/Src/gpio.o
                0x00000000080004d8                MX_GPIO_Init
 .text.Http_Request
                0x0000000008000664      0x288 Core/Src/httpd.o
                0x0000000008000664                Http_Request
 .text.Http_Send_One
                0x00000000080008ec      0x210 Core/Src/httpd.o
                0x00000000080008ec                Http_Send_One
 .text.Http_Send_First
                0x0000000008000afc      0x1b4 Core/Src/httpd.o
                0x0000000008000afc                Http_Send_First
 .text.Http_Send_Middle
                0x0000000008000cb0      0x15c Core/Src/httpd.o
                0x0000000008000cb0                Http_Send_Middle
 .text.Http_Send_Last
                0x0000000008000e0c      0x120 Core/Src/httpd.o
                0x0000000008000e0c                Http_Send_Last
 .text.main     0x0000000008000f2c       0x40 Core/Src/main.o
                0x0000000008000f2c                main
 .text.SystemClock_Config
                0x0000000008000f6c       0xd0 Core/Src/main.o
                0x0000000008000f6c                SystemClock_Config
 .text.HAL_GPIO_EXTI_Callback
                0x000000000800103c       0x38 Core/Src/main.o
                0x000000000800103c                HAL_GPIO_EXTI_Callback
 .text.Error_Handler
                0x0000000008001074       0x18 Core/Src/main.o
                0x0000000008001074                Error_Handler
 .text.SD_SPI_Init
                0x000000000800108c      0x1c4 Core/Src/sd_spi.o
                0x000000000800108c                SD_SPI_Init
 .text.SPIx_WriteRead
                0x0000000008001250       0x3c Core/Src/sd_spi.o
                0x0000000008001250                SPIx_WriteRead
 .text.SPI_SendByte
                0x000000000800128c       0x1a Core/Src/sd_spi.o
                0x000000000800128c                SPI_SendByte
 .text.SPI_ReceiveByte
                0x00000000080012a6       0x1a Core/Src/sd_spi.o
                0x00000000080012a6                SPI_ReceiveByte
 .text.SPI_Release
                0x00000000080012c0        0xe Core/Src/sd_spi.o
                0x00000000080012c0                SPI_Release
 .text.SD_SPI_WaitingForReadiness
                0x00000000080012ce       0x4a Core/Src/sd_spi.o
                0x00000000080012ce                SD_SPI_WaitingForReadiness
 .text.SD_SPI_Cmd
                0x0000000008001318       0xd8 Core/Src/sd_spi.o
                0x0000000008001318                SD_SPI_Cmd
 .text.SD_SPI_Read_Block
                0x00000000080013f0       0x8c Core/Src/sd_spi.o
                0x00000000080013f0                SD_SPI_Read_Block
 .text.SD_SPI_Write_Block
                0x000000000800147c       0xa4 Core/Src/sd_spi.o
                0x000000000800147c                SD_SPI_Write_Block
 .text.SD_SPI_MountLogicalDrive
                0x0000000008001520       0x28 Core/Src/sd_spi.o
                0x0000000008001520                SD_SPI_MountLogicalDrive
 .text.SD_Error_Handler
                0x0000000008001548       0x3c Core/Src/sd_spi.o
                0x0000000008001548                SD_Error_Handler
 .text.MX_SPI1_Init
                0x0000000008001584       0x6c Core/Src/spi.o
                0x0000000008001584                MX_SPI1_Init
 .text.MX_SPI2_Init
                0x00000000080015f0       0x6c Core/Src/spi.o
                0x00000000080015f0                MX_SPI2_Init
 .text.HAL_SPI_MspInit
                0x000000000800165c      0x13c Core/Src/spi.o
                0x000000000800165c                HAL_SPI_MspInit
 .text.HAL_MspInit
                0x0000000008001798       0x50 Core/Src/stm32f4xx_hal_msp.o
                0x0000000008001798                HAL_MspInit
 .text.NMI_Handler
                0x00000000080017e8        0xe Core/Src/stm32f4xx_it.o
                0x00000000080017e8                NMI_Handler
 .text.HardFault_Handler
                0x00000000080017f6        0x6 Core/Src/stm32f4xx_it.o
                0x00000000080017f6                HardFault_Handler
 .text.MemManage_Handler
                0x00000000080017fc        0x6 Core/Src/stm32f4xx_it.o
                0x00000000080017fc                MemManage_Handler
 .text.BusFault_Handler
                0x0000000008001802        0x6 Core/Src/stm32f4xx_it.o
                0x0000000008001802                BusFault_Handler
 .text.UsageFault_Handler
                0x0000000008001808        0x6 Core/Src/stm32f4xx_it.o
                0x0000000008001808                UsageFault_Handler
 .text.SVC_Handler
                0x000000000800180e        0xe Core/Src/stm32f4xx_it.o
                0x000000000800180e                SVC_Handler
 .text.DebugMon_Handler
                0x000000000800181c        0xe Core/Src/stm32f4xx_it.o
                0x000000000800181c                DebugMon_Handler
 .text.PendSV_Handler
                0x000000000800182a        0xe Core/Src/stm32f4xx_it.o
                0x000000000800182a                PendSV_Handler
 .text.SysTick_Handler
                0x0000000008001838        0xc Core/Src/stm32f4xx_it.o
                0x0000000008001838                SysTick_Handler
 .text.EXTI9_5_IRQHandler
                0x0000000008001844        0xe Core/Src/stm32f4xx_it.o
                0x0000000008001844                EXTI9_5_IRQHandler
 *fill*         0x0000000008001852        0x2 
 .text.SystemInit
                0x0000000008001854       0x2c Core/Src/system_stm32f4xx.o
                0x0000000008001854                SystemInit
 .text.MX_USART2_UART_Init
                0x0000000008001880       0x54 Core/Src/usart.o
                0x0000000008001880                MX_USART2_UART_Init
 .text.HAL_UART_MspInit
                0x00000000080018d4       0x90 Core/Src/usart.o
                0x00000000080018d4                HAL_UART_MspInit
 .text.W5500_Init
                0x0000000008001964      0x1f0 Core/Src/w5500.o
                0x0000000008001964                W5500_Init
 .text.W5500_WriteReg
                0x0000000008001b54       0x64 Core/Src/w5500.o
                0x0000000008001b54                W5500_WriteReg
 .text.W5500_WriteBuf
                0x0000000008001bb8       0x40 Core/Src/w5500.o
                0x0000000008001bb8                W5500_WriteBuf
 .text.W5500_WriteSockBuf
                0x0000000008001bf8       0x5a Core/Src/w5500.o
                0x0000000008001bf8                W5500_WriteSockBuf
 *fill*         0x0000000008001c52        0x2 
 .text.W5500_ReadReg
                0x0000000008001c54       0x68 Core/Src/w5500.o
                0x0000000008001c54                W5500_ReadReg
 .text.W5500_ReadBuf
                0x0000000008001cbc       0x4c Core/Src/w5500.o
                0x0000000008001cbc                W5500_ReadBuf
 .text.W5500_ReadSockBuf
                0x0000000008001d08       0x56 Core/Src/w5500.o
                0x0000000008001d08                W5500_ReadSockBuf
 .text.W5500_ReadSockBufByte
                0x0000000008001d5e       0x3c Core/Src/w5500.o
                0x0000000008001d5e                W5500_ReadSockBufByte
 *fill*         0x0000000008001d9a        0x2 
 .text.W5500_Irq_Process
                0x0000000008001d9c      0x100 Core/Src/w5500.o
                0x0000000008001d9c                W5500_Irq_Process
 .text.W5500_IRQ_CALLBACK
                0x0000000008001e9c       0xa8 Core/Src/w5500.o
                0x0000000008001e9c                W5500_IRQ_CALLBACK
 .text.W5500_GetHttpRequest
                0x0000000008001f44       0x50 Core/Src/w5500.o
                0x0000000008001f44                W5500_GetHttpRequest
 .text.W5500_NOP
                0x0000000008001f94       0x1e Core/Src/w5500.o
                0x0000000008001f94                W5500_NOP
 .text.SocketListen
                0x0000000008001fb2       0x84 Core/Src/w5500.o
                0x0000000008001fb2                SocketListen
 .text.SocketResv
                0x0000000008002036       0x30 Core/Src/w5500.o
                0x0000000008002036                SocketResv
 .text.SocketSend
                0x0000000008002066       0x30 Core/Src/w5500.o
                0x0000000008002066                SocketSend
 .text.SocketGetReadPointer
                0x0000000008002096       0x4a Core/Src/w5500.o
                0x0000000008002096                SocketGetReadPointer
 .text.SocketGetWritePointer
                0x00000000080020e0       0x4a Core/Src/w5500.o
                0x00000000080020e0                SocketGetWritePointer
 .text.SocketSetWritePointer
                0x000000000800212a       0x4a Core/Src/w5500.o
                0x000000000800212a                SocketSetWritePointer
 .text.SocketOpen
                0x0000000008002174       0x4c Core/Src/w5500.o
                0x0000000008002174                SocketOpen
 .text.SocketClose
                0x00000000080021c0       0x30 Core/Src/w5500.o
                0x00000000080021c0                SocketClose
 .text.SocketReset
                0x00000000080021f0       0x80 Core/Src/w5500.o
                0x00000000080021f0                SocketReset
 .text.Reset_Handler
                0x0000000008002270       0x50 Core/Startup/startup_stm32f407vgtx.o
                0x0000000008002270                Reset_Handler
 .text.Default_Handler
                0x00000000080022c0        0x2 Core/Startup/startup_stm32f407vgtx.o
                0x00000000080022c0                RTC_Alarm_IRQHandler
                0x00000000080022c0                HASH_RNG_IRQHandler
                0x00000000080022c0                EXTI2_IRQHandler
                0x00000000080022c0                TIM8_CC_IRQHandler
                0x00000000080022c0                TIM1_CC_IRQHandler
                0x00000000080022c0                DMA2_Stream5_IRQHandler
                0x00000000080022c0                DMA1_Stream5_IRQHandler
                0x00000000080022c0                PVD_IRQHandler
                0x00000000080022c0                SDIO_IRQHandler
                0x00000000080022c0                TAMP_STAMP_IRQHandler
                0x00000000080022c0                CAN2_RX1_IRQHandler
                0x00000000080022c0                EXTI3_IRQHandler
                0x00000000080022c0                TIM8_TRG_COM_TIM14_IRQHandler
                0x00000000080022c0                TIM1_UP_TIM10_IRQHandler
                0x00000000080022c0                TIM8_UP_TIM13_IRQHandler
                0x00000000080022c0                I2C3_ER_IRQHandler
                0x00000000080022c0                EXTI0_IRQHandler
                0x00000000080022c0                I2C2_EV_IRQHandler
                0x00000000080022c0                DMA1_Stream2_IRQHandler
                0x00000000080022c0                CAN1_RX0_IRQHandler
                0x00000000080022c0                FPU_IRQHandler
                0x00000000080022c0                OTG_HS_WKUP_IRQHandler
                0x00000000080022c0                CAN2_SCE_IRQHandler
                0x00000000080022c0                DMA2_Stream2_IRQHandler
                0x00000000080022c0                SPI1_IRQHandler
                0x00000000080022c0                TIM6_DAC_IRQHandler
                0x00000000080022c0                TIM1_BRK_TIM9_IRQHandler
                0x00000000080022c0                DCMI_IRQHandler
                0x00000000080022c0                CAN2_RX0_IRQHandler
                0x00000000080022c0                DMA2_Stream3_IRQHandler
                0x00000000080022c0                USART6_IRQHandler
                0x00000000080022c0                USART3_IRQHandler
                0x00000000080022c0                CAN1_RX1_IRQHandler
                0x00000000080022c0                UART5_IRQHandler
                0x00000000080022c0                DMA2_Stream0_IRQHandler
                0x00000000080022c0                TIM4_IRQHandler
                0x00000000080022c0                I2C1_EV_IRQHandler
                0x00000000080022c0                DMA1_Stream6_IRQHandler
                0x00000000080022c0                DMA1_Stream1_IRQHandler
                0x00000000080022c0                UART4_IRQHandler
                0x00000000080022c0                TIM3_IRQHandler
                0x00000000080022c0                RCC_IRQHandler
                0x00000000080022c0                TIM8_BRK_TIM12_IRQHandler
                0x00000000080022c0                Default_Handler
                0x00000000080022c0                EXTI15_10_IRQHandler
                0x00000000080022c0                ADC_IRQHandler
                0x00000000080022c0                DMA1_Stream7_IRQHandler
                0x00000000080022c0                TIM7_IRQHandler
                0x00000000080022c0                CAN2_TX_IRQHandler
                0x00000000080022c0                TIM5_IRQHandler
                0x00000000080022c0                DMA2_Stream7_IRQHandler
                0x00000000080022c0                I2C3_EV_IRQHandler
                0x00000000080022c0                RTC_WKUP_IRQHandler
                0x00000000080022c0                ETH_WKUP_IRQHandler
                0x00000000080022c0                SPI2_IRQHandler
                0x00000000080022c0                OTG_HS_EP1_IN_IRQHandler
                0x00000000080022c0                DMA1_Stream0_IRQHandler
                0x00000000080022c0                CAN1_TX_IRQHandler
                0x00000000080022c0                EXTI4_IRQHandler
                0x00000000080022c0                FSMC_IRQHandler
                0x00000000080022c0                ETH_IRQHandler
                0x00000000080022c0                OTG_HS_EP1_OUT_IRQHandler
                0x00000000080022c0                WWDG_IRQHandler
                0x00000000080022c0                TIM2_IRQHandler
                0x00000000080022c0                OTG_FS_WKUP_IRQHandler
                0x00000000080022c0                TIM1_TRG_COM_TIM11_IRQHandler
                0x00000000080022c0                OTG_HS_IRQHandler
                0x00000000080022c0                EXTI1_IRQHandler
                0x00000000080022c0                USART2_IRQHandler
                0x00000000080022c0                I2C2_ER_IRQHandler
                0x00000000080022c0                DMA2_Stream1_IRQHandler
                0x00000000080022c0                CAN1_SCE_IRQHandler
                0x00000000080022c0                FLASH_IRQHandler
                0x00000000080022c0                DMA2_Stream4_IRQHandler
                0x00000000080022c0                USART1_IRQHandler
                0x00000000080022c0                OTG_FS_IRQHandler
                0x00000000080022c0                SPI3_IRQHandler
                0x00000000080022c0                DMA1_Stream4_IRQHandler
                0x00000000080022c0                I2C1_ER_IRQHandler
                0x00000000080022c0                DMA2_Stream6_IRQHandler
                0x00000000080022c0                DMA1_Stream3_IRQHandler
 *fill*         0x00000000080022c2        0x2 
 .text.HAL_Init
                0x00000000080022c4       0x44 Drivers/STM32F4xx_HAL_Driver/Src/stm32f4xx_hal.o
                0x00000000080022c4                HAL_Init
 .text.HAL_InitTick
                0x0000000008002308       0x60 Drivers/STM32F4xx_HAL_Driver/Src/stm32f4xx_hal.o
                0x0000000008002308                HAL_InitTick
 .text.HAL_IncTick
                0x0000000008002368       0x28 Drivers/STM32F4xx_HAL_Driver/Src/stm32f4xx_hal.o
                0x0000000008002368                HAL_IncTick
 .text.HAL_GetTick
                0x0000000008002390       0x18 Drivers/STM32F4xx_HAL_Driver/Src/stm32f4xx_hal.o
                0x0000000008002390                HAL_GetTick
 .text.HAL_Delay
                0x00000000080023a8       0x44 Drivers/STM32F4xx_HAL_Driver/Src/stm32f4xx_hal.o
                0x00000000080023a8                HAL_Delay
 .text.__NVIC_SetPriorityGrouping
                0x00000000080023ec       0x48 Drivers/STM32F4xx_HAL_Driver/Src/stm32f4xx_hal_cortex.o
 .text.__NVIC_GetPriorityGrouping
                0x0000000008002434       0x1c Drivers/STM32F4xx_HAL_Driver/Src/stm32f4xx_hal_cortex.o
 .text.__NVIC_EnableIRQ
                0x0000000008002450       0x3c Drivers/STM32F4xx_HAL_Driver/Src/stm32f4xx_hal_cortex.o
 .text.__NVIC_SetPriority
                0x000000000800248c       0x54 Drivers/STM32F4xx_HAL_Driver/Src/stm32f4xx_hal_cortex.o
 .text.NVIC_EncodePriority
                0x00000000080024e0       0x66 Drivers/STM32F4xx_HAL_Driver/Src/stm32f4xx_hal_cortex.o
 *fill*         0x0000000008002546        0x2 
 .text.SysTick_Config
                0x0000000008002548       0x44 Drivers/STM32F4xx_HAL_Driver/Src/stm32f4xx_hal_cortex.o
 .text.HAL_NVIC_SetPriorityGrouping
                0x000000000800258c       0x16 Drivers/STM32F4xx_HAL_Driver/Src/stm32f4xx_hal_cortex.o
                0x000000000800258c                HAL_NVIC_SetPriorityGrouping
 .text.HAL_NVIC_SetPriority
                0x00000000080025a2       0x38 Drivers/STM32F4xx_HAL_Driver/Src/stm32f4xx_hal_cortex.o
                0x00000000080025a2                HAL_NVIC_SetPriority
 .text.HAL_NVIC_EnableIRQ
                0x00000000080025da       0x1c Drivers/STM32F4xx_HAL_Driver/Src/stm32f4xx_hal_cortex.o
                0x00000000080025da                HAL_NVIC_EnableIRQ
 .text.HAL_SYSTICK_Config
                0x00000000080025f6       0x18 Drivers/STM32F4xx_HAL_Driver/Src/stm32f4xx_hal_cortex.o
                0x00000000080025f6                HAL_SYSTICK_Config
 *fill*         0x000000000800260e        0x2 
 .text.HAL_GPIO_Init
                0x0000000008002610      0x334 Drivers/STM32F4xx_HAL_Driver/Src/stm32f4xx_hal_gpio.o
                0x0000000008002610                HAL_GPIO_Init
 .text.HAL_GPIO_WritePin
                0x0000000008002944       0x32 Drivers/STM32F4xx_HAL_Driver/Src/stm32f4xx_hal_gpio.o
                0x0000000008002944                HAL_GPIO_WritePin
 *fill*         0x0000000008002976        0x2 
 .text.HAL_GPIO_EXTI_IRQHandler
                0x0000000008002978       0x30 Drivers/STM32F4xx_HAL_Driver/Src/stm32f4xx_hal_gpio.o
                0x0000000008002978                HAL_GPIO_EXTI_IRQHandler
 .text.HAL_RCC_OscConfig
                0x00000000080029a8      0x4e0 Drivers/STM32F4xx_HAL_Driver/Src/stm32f4xx_hal_rcc.o
                0x00000000080029a8                HAL_RCC_OscConfig
 .text.HAL_RCC_ClockConfig
                0x0000000008002e88      0x1cc Drivers/STM32F4xx_HAL_Driver/Src/stm32f4xx_hal_rcc.o
                0x0000000008002e88                HAL_RCC_ClockConfig
 .text.HAL_RCC_GetSysClockFreq
                0x0000000008003054      0x1b0 Drivers/STM32F4xx_HAL_Driver/Src/stm32f4xx_hal_rcc.o
                0x0000000008003054                HAL_RCC_GetSysClockFreq
 .text.HAL_RCC_GetHCLKFreq
                0x0000000008003204       0x18 Drivers/STM32F4xx_HAL_Driver/Src/stm32f4xx_hal_rcc.o
                0x0000000008003204                HAL_RCC_GetHCLKFreq
 .text.HAL_RCC_GetPCLK1Freq
                0x000000000800321c       0x28 Drivers/STM32F4xx_HAL_Driver/Src/stm32f4xx_hal_rcc.o
                0x000000000800321c                HAL_RCC_GetPCLK1Freq
 .text.HAL_RCC_GetPCLK2Freq
                0x0000000008003244       0x28 Drivers/STM32F4xx_HAL_Driver/Src/stm32f4xx_hal_rcc.o
                0x0000000008003244                HAL_RCC_GetPCLK2Freq
 .text.HAL_SPI_Init
                0x000000000800326c       0xc8 Drivers/STM32F4xx_HAL_Driver/Src/stm32f4xx_hal_spi.o
                0x000000000800326c                HAL_SPI_Init
 .text.HAL_SPI_Transmit
                0x0000000008003334      0x268 Drivers/STM32F4xx_HAL_Driver/Src/stm32f4xx_hal_spi.o
                0x0000000008003334                HAL_SPI_Transmit
 .text.HAL_SPI_Receive
                0x000000000800359c      0x212 Drivers/STM32F4xx_HAL_Driver/Src/stm32f4xx_hal_spi.o
                0x000000000800359c                HAL_SPI_Receive
 .text.HAL_SPI_TransmitReceive
                0x00000000080037ae      0x344 Drivers/STM32F4xx_HAL_Driver/Src/stm32f4xx_hal_spi.o
                0x00000000080037ae                HAL_SPI_TransmitReceive
 .text.SPI_WaitFlagStateUntilTimeout
                0x0000000008003af2       0xd4 Drivers/STM32F4xx_HAL_Driver/Src/stm32f4xx_hal_spi.o
 .text.SPI_EndRxTransaction
                0x0000000008003bc6       0xca Drivers/STM32F4xx_HAL_Driver/Src/stm32f4xx_hal_spi.o
 .text.SPI_EndRxTxTransaction
                0x0000000008003c90       0x84 Drivers/STM32F4xx_HAL_Driver/Src/stm32f4xx_hal_spi.o
 .text.HAL_UART_Init
                0x0000000008003d14       0x9a Drivers/STM32F4xx_HAL_Driver/Src/stm32f4xx_hal_uart.o
                0x0000000008003d14                HAL_UART_Init
 *fill*         0x0000000008003dae        0x2 
 .text.UART_SetConfig
                0x0000000008003db0      0x6f8 Drivers/STM32F4xx_HAL_Driver/Src/stm32f4xx_hal_uart.o
 .text.MX_FATFS_Init
                0x00000000080044a8       0x24 FATFS/App/fatfs.o
                0x00000000080044a8                MX_FATFS_Init
 .text.get_fattime
                0x00000000080044cc       0x10 FATFS/App/fatfs.o
                0x00000000080044cc                get_fattime
 .text.USER_initialize
                0x00000000080044dc       0x34 FATFS/Target/user_diskio.o
                0x00000000080044dc                USER_initialize
 .text.USER_status
                0x0000000008004510       0x34 FATFS/Target/user_diskio.o
                0x0000000008004510                USER_status
 .text.USER_read
                0x0000000008004544       0x78 FATFS/Target/user_diskio.o
                0x0000000008004544                USER_read
 .text.USER_write
                0x00000000080045bc       0x8c FATFS/Target/user_diskio.o
                0x00000000080045bc                USER_write
 .text.USER_ioctl
                0x0000000008004648       0x88 FATFS/Target/user_diskio.o
                0x0000000008004648                USER_ioctl
 .text.disk_status
                0x00000000080046d0       0x34 Middlewares/Third_Party/FatFs/src/diskio.o
                0x00000000080046d0                disk_status
 .text.disk_initialize
                0x0000000008004704       0x4c Middlewares/Third_Party/FatFs/src/diskio.o
                0x0000000008004704                disk_initialize
 .text.disk_read
                0x0000000008004750       0x40 Middlewares/Third_Party/FatFs/src/diskio.o
                0x0000000008004750                disk_read
 .text.disk_write
                0x0000000008004790       0x40 Middlewares/Third_Party/FatFs/src/diskio.o
                0x0000000008004790                disk_write
 .text.disk_ioctl
                0x00000000080047d0       0x3c Middlewares/Third_Party/FatFs/src/diskio.o
                0x00000000080047d0                disk_ioctl
 .text.ld_word  0x000000000800480c       0x30 Middlewares/Third_Party/FatFs/src/ff.o
 .text.ld_dword
                0x000000000800483c       0x46 Middlewares/Third_Party/FatFs/src/ff.o
 .text.st_word  0x0000000008004882       0x36 Middlewares/Third_Party/FatFs/src/ff.o
 .text.st_dword
                0x00000000080048b8       0x58 Middlewares/Third_Party/FatFs/src/ff.o
 .text.mem_cpy  0x0000000008004910       0x42 Middlewares/Third_Party/FatFs/src/ff.o
 .text.mem_set  0x0000000008004952       0x34 Middlewares/Third_Party/FatFs/src/ff.o
 .text.mem_cmp  0x0000000008004986       0x4e Middlewares/Third_Party/FatFs/src/ff.o
 .text.chk_chr  0x00000000080049d4       0x36 Middlewares/Third_Party/FatFs/src/ff.o
 *fill*         0x0000000008004a0a        0x2 
 .text.chk_lock
                0x0000000008004a0c       0xb8 Middlewares/Third_Party/FatFs/src/ff.o
 .text.enq_lock
                0x0000000008004ac4       0x44 Middlewares/Third_Party/FatFs/src/ff.o
 .text.inc_lock
                0x0000000008004b08      0x11c Middlewares/Third_Party/FatFs/src/ff.o
 .text.dec_lock
                0x0000000008004c24       0x78 Middlewares/Third_Party/FatFs/src/ff.o
 .text.clear_lock
                0x0000000008004c9c       0x48 Middlewares/Third_Party/FatFs/src/ff.o
 .text.sync_window
                0x0000000008004ce4       0x88 Middlewares/Third_Party/FatFs/src/ff.o
 .text.move_window
                0x0000000008004d6c       0x5a Middlewares/Third_Party/FatFs/src/ff.o
 *fill*         0x0000000008004dc6        0x2 
 .text.sync_fs  0x0000000008004dc8       0xe0 Middlewares/Third_Party/FatFs/src/ff.o
 .text.clust2sect
                0x0000000008004ea8       0x3e Middlewares/Third_Party/FatFs/src/ff.o
 .text.get_fat  0x0000000008004ee6      0x1a0 Middlewares/Third_Party/FatFs/src/ff.o
 .text.put_fat  0x0000000008005086      0x22e Middlewares/Third_Party/FatFs/src/ff.o
 .text.remove_chain
                0x00000000080052b4       0xca Middlewares/Third_Party/FatFs/src/ff.o
 .text.create_chain
                0x000000000800537e      0x130 Middlewares/Third_Party/FatFs/src/ff.o
 .text.clmt_clust
                0x00000000080054ae       0x70 Middlewares/Third_Party/FatFs/src/ff.o
 .text.dir_sdi  0x000000000800551e      0x112 Middlewares/Third_Party/FatFs/src/ff.o
 .text.dir_next
                0x0000000008005630      0x1ac Middlewares/Third_Party/FatFs/src/ff.o
 .text.dir_alloc
                0x00000000080057dc       0x8e Middlewares/Third_Party/FatFs/src/ff.o
 .text.ld_clust
                0x000000000800586a       0x3e Middlewares/Third_Party/FatFs/src/ff.o
 .text.st_clust
                0x00000000080058a8       0x40 Middlewares/Third_Party/FatFs/src/ff.o
 .text.cmp_lfn  0x00000000080058e8       0xe0 Middlewares/Third_Party/FatFs/src/ff.o
 .text.put_lfn  0x00000000080059c8       0xd0 Middlewares/Third_Party/FatFs/src/ff.o
 .text.gen_numname
                0x0000000008005a98      0x11e Middlewares/Third_Party/FatFs/src/ff.o
 .text.sum_sfn  0x0000000008005bb6       0x42 Middlewares/Third_Party/FatFs/src/ff.o
 .text.dir_find
                0x0000000008005bf8      0x180 Middlewares/Third_Party/FatFs/src/ff.o
 .text.dir_register
                0x0000000008005d78      0x1f0 Middlewares/Third_Party/FatFs/src/ff.o
 .text.create_name
                0x0000000008005f68      0x370 Middlewares/Third_Party/FatFs/src/ff.o
 .text.follow_path
                0x00000000080062d8       0xec Middlewares/Third_Party/FatFs/src/ff.o
 .text.get_ldnumber
                0x00000000080063c4       0x88 Middlewares/Third_Party/FatFs/src/ff.o
 .text.check_fs
                0x000000000800644c       0xac Middlewares/Third_Party/FatFs/src/ff.o
 .text.find_volume
                0x00000000080064f8      0x510 Middlewares/Third_Party/FatFs/src/ff.o
 .text.validate
                0x0000000008006a08       0x6a Middlewares/Third_Party/FatFs/src/ff.o
 *fill*         0x0000000008006a72        0x2 
 .text.f_mount  0x0000000008006a74       0x8c Middlewares/Third_Party/FatFs/src/ff.o
                0x0000000008006a74                f_mount
 .text.f_open   0x0000000008006b00      0x398 Middlewares/Third_Party/FatFs/src/ff.o
                0x0000000008006b00                f_open
 .text.f_read   0x0000000008006e98      0x2be Middlewares/Third_Party/FatFs/src/ff.o
                0x0000000008006e98                f_read
 .text.f_sync   0x0000000008007156       0xfc Middlewares/Third_Party/FatFs/src/ff.o
                0x0000000008007156                f_sync
 .text.f_close  0x0000000008007252       0x54 Middlewares/Third_Party/FatFs/src/ff.o
                0x0000000008007252                f_close
 .text.f_lseek  0x00000000080072a6      0x448 Middlewares/Third_Party/FatFs/src/ff.o
                0x00000000080072a6                f_lseek
 *fill*         0x00000000080076ee        0x2 
 .text.FATFS_LinkDriverEx
                0x00000000080076f0       0x98 Middlewares/Third_Party/FatFs/src/ff_gen_drv.o
                0x00000000080076f0                FATFS_LinkDriverEx
 .text.FATFS_LinkDriver
                0x0000000008007788       0x1e Middlewares/Third_Party/FatFs/src/ff_gen_drv.o
                0x0000000008007788                FATFS_LinkDriver
 *fill*         0x00000000080077a6        0x2 
 .text.ff_convert
                0x00000000080077a8       0x78 Middlewares/Third_Party/FatFs/src/option/ccsbcs.o
                0x00000000080077a8                ff_convert
 .text.ff_wtoupper
                0x0000000008007820      0x114 Middlewares/Third_Party/FatFs/src/option/ccsbcs.o
                0x0000000008007820                ff_wtoupper
 .text.__libc_init_array
                0x0000000008007934       0x48 c:/st/stm32cubeide_1.4.0/stm32cubeide/plugins/com.st.stm32cube.ide.mcu.externaltools.gnu-tools-for-stm32.7-2018-q2-update.win32_1.4.0.202007081208/tools/bin/../lib/gcc/arm-none-eabi/7.3.1/../../../../arm-none-eabi/lib/thumb/v7e-m/fpv4-sp/hard\libc_nano.a(lib_a-init.o)
                0x0000000008007934                __libc_init_array
 .text.memcpy   0x000000000800797c       0x16 c:/st/stm32cubeide_1.4.0/stm32cubeide/plugins/com.st.stm32cube.ide.mcu.externaltools.gnu-tools-for-stm32.7-2018-q2-update.win32_1.4.0.202007081208/tools/bin/../lib/gcc/arm-none-eabi/7.3.1/../../../../arm-none-eabi/lib/thumb/v7e-m/fpv4-sp/hard\libc_nano.a(lib_a-memcpy-stub.o)
                0x000000000800797c                memcpy
 .text.memset   0x0000000008007992       0x10 c:/st/stm32cubeide_1.4.0/stm32cubeide/plugins/com.st.stm32cube.ide.mcu.externaltools.gnu-tools-for-stm32.7-2018-q2-update.win32_1.4.0.202007081208/tools/bin/../lib/gcc/arm-none-eabi/7.3.1/../../../../arm-none-eabi/lib/thumb/v7e-m/fpv4-sp/hard\libc_nano.a(lib_a-memset.o)
                0x0000000008007992                memset
 .text.strchr   0x00000000080079a2       0x1a c:/st/stm32cubeide_1.4.0/stm32cubeide/plugins/com.st.stm32cube.ide.mcu.externaltools.gnu-tools-for-stm32.7-2018-q2-update.win32_1.4.0.202007081208/tools/bin/../lib/gcc/arm-none-eabi/7.3.1/../../../../arm-none-eabi/lib/thumb/v7e-m/fpv4-sp/hard\libc_nano.a(lib_a-strchr.o)
                0x00000000080079a2                strchr
 .text.strcpy   0x00000000080079bc       0x10 c:/st/stm32cubeide_1.4.0/stm32cubeide/plugins/com.st.stm32cube.ide.mcu.externaltools.gnu-tools-for-stm32.7-2018-q2-update.win32_1.4.0.202007081208/tools/bin/../lib/gcc/arm-none-eabi/7.3.1/../../../../arm-none-eabi/lib/thumb/v7e-m/fpv4-sp/hard\libc_nano.a(lib_a-strcpy.o)
                0x00000000080079bc                strcpy
 .text.strncmp  0x00000000080079cc       0x24 c:/st/stm32cubeide_1.4.0/stm32cubeide/plugins/com.st.stm32cube.ide.mcu.externaltools.gnu-tools-for-stm32.7-2018-q2-update.win32_1.4.0.202007081208/tools/bin/../lib/gcc/arm-none-eabi/7.3.1/../../../../arm-none-eabi/lib/thumb/v7e-m/fpv4-sp/hard\libc_nano.a(lib_a-strncmp.o)
                0x00000000080079cc                strncmp
 *(.glue_7)
 .glue_7        0x00000000080079f0        0x0 linker stubs
 *(.glue_7t)
 .glue_7t       0x00000000080079f0        0x0 linker stubs
 *(.eh_frame)
 .eh_frame      0x00000000080079f0        0x0 c:/st/stm32cubeide_1.4.0/stm32cubeide/plugins/com.st.stm32cube.ide.mcu.externaltools.gnu-tools-for-stm32.7-2018-q2-update.win32_1.4.0.202007081208/tools/bin/../lib/gcc/arm-none-eabi/7.3.1/thumb/v7e-m/fpv4-sp/hard/crtbegin.o
 *(.init)
 .init          0x00000000080079f0        0x4 c:/st/stm32cubeide_1.4.0/stm32cubeide/plugins/com.st.stm32cube.ide.mcu.externaltools.gnu-tools-for-stm32.7-2018-q2-update.win32_1.4.0.202007081208/tools/bin/../lib/gcc/arm-none-eabi/7.3.1/thumb/v7e-m/fpv4-sp/hard/crti.o
                0x00000000080079f0                _init
 .init          0x00000000080079f4        0x8 c:/st/stm32cubeide_1.4.0/stm32cubeide/plugins/com.st.stm32cube.ide.mcu.externaltools.gnu-tools-for-stm32.7-2018-q2-update.win32_1.4.0.202007081208/tools/bin/../lib/gcc/arm-none-eabi/7.3.1/thumb/v7e-m/fpv4-sp/hard/crtn.o
 *(.fini)
 .fini          0x00000000080079fc        0x4 c:/st/stm32cubeide_1.4.0/stm32cubeide/plugins/com.st.stm32cube.ide.mcu.externaltools.gnu-tools-for-stm32.7-2018-q2-update.win32_1.4.0.202007081208/tools/bin/../lib/gcc/arm-none-eabi/7.3.1/thumb/v7e-m/fpv4-sp/hard/crti.o
                0x00000000080079fc                _fini
 .fini          0x0000000008007a00        0x8 c:/st/stm32cubeide_1.4.0/stm32cubeide/plugins/com.st.stm32cube.ide.mcu.externaltools.gnu-tools-for-stm32.7-2018-q2-update.win32_1.4.0.202007081208/tools/bin/../lib/gcc/arm-none-eabi/7.3.1/thumb/v7e-m/fpv4-sp/hard/crtn.o
                0x0000000008007a08                . = ALIGN (0x4)
                0x0000000008007a08                _etext = .

.vfp11_veneer   0x0000000008007a08        0x0
 .vfp11_veneer  0x0000000008007a08        0x0 linker stubs

.v4_bx          0x0000000008007a08        0x0
 .v4_bx         0x0000000008007a08        0x0 linker stubs

.iplt           0x0000000008007a08        0x0
 .iplt          0x0000000008007a08        0x0 c:/st/stm32cubeide_1.4.0/stm32cubeide/plugins/com.st.stm32cube.ide.mcu.externaltools.gnu-tools-for-stm32.7-2018-q2-update.win32_1.4.0.202007081208/tools/bin/../lib/gcc/arm-none-eabi/7.3.1/thumb/v7e-m/fpv4-sp/hard/crtbegin.o

.rodata         0x0000000008007a08      0x6f0
                0x0000000008007a08                . = ALIGN (0x4)
 *(.rodata)
 .rodata        0x0000000008007a08       0x14 Core/Src/httpd.o
 .rodata        0x0000000008007a1c        0x6 Core/Src/w5500.o
 *fill*         0x0000000008007a22        0x2 
 .rodata        0x0000000008007a24       0x48 Middlewares/Third_Party/FatFs/src/ff.o
 *(.rodata*)
 .rodata.http_header
                0x0000000008007a6c       0x2d Core/Src/httpd.o
                0x0000000008007a6c                http_header
 *fill*         0x0000000008007a99        0x3 
 .rodata.jpg_header
                0x0000000008007a9c       0x50 Core/Src/httpd.o
                0x0000000008007a9c                jpg_header
 .rodata.icon_header
                0x0000000008007aec       0x30 Core/Src/httpd.o
                0x0000000008007aec                icon_header
 .rodata.error_header
                0x0000000008007b1c       0x5b Core/Src/httpd.o
                0x0000000008007b1c                error_header
 *fill*         0x0000000008007b77        0x1 
 .rodata.e404_htm
                0x0000000008007b78      0x125 Core/Src/httpd.o
                0x0000000008007b78                e404_htm
 *fill*         0x0000000008007c9d        0x3 
 .rodata.AHBPrescTable
                0x0000000008007ca0       0x10 Core/Src/system_stm32f4xx.o
                0x0000000008007ca0                AHBPrescTable
 .rodata.APBPrescTable
                0x0000000008007cb0        0x8 Core/Src/system_stm32f4xx.o
                0x0000000008007cb0                APBPrescTable
 .rodata.ExCvt  0x0000000008007cb8       0x80 Middlewares/Third_Party/FatFs/src/ff.o
 .rodata.LfnOfs
                0x0000000008007d38        0xd Middlewares/Third_Party/FatFs/src/ff.o
 *fill*         0x0000000008007d45        0x3 
 .rodata.Tbl    0x0000000008007d48      0x100 Middlewares/Third_Party/FatFs/src/option/ccsbcs.o
 .rodata.cvt1.8454
                0x0000000008007e48      0x1f2 Middlewares/Third_Party/FatFs/src/option/ccsbcs.o
 *fill*         0x000000000800803a        0x2 
 .rodata.cvt2.8455
                0x000000000800803c       0xbc Middlewares/Third_Party/FatFs/src/option/ccsbcs.o
                0x00000000080080f8                . = ALIGN (0x4)

.ARM.extab      0x00000000080080f8        0x0
                0x00000000080080f8                . = ALIGN (0x4)
 *(.ARM.extab* .gnu.linkonce.armextab.*)
                0x00000000080080f8                . = ALIGN (0x4)

.ARM            0x00000000080080f8        0x8
                0x00000000080080f8                . = ALIGN (0x4)
                0x00000000080080f8                __exidx_start = .
 *(.ARM.exidx*)
 .ARM.exidx     0x00000000080080f8        0x8 c:/st/stm32cubeide_1.4.0/stm32cubeide/plugins/com.st.stm32cube.ide.mcu.externaltools.gnu-tools-for-stm32.7-2018-q2-update.win32_1.4.0.202007081208/tools/bin/../lib/gcc/arm-none-eabi/7.3.1/thumb/v7e-m/fpv4-sp/hard\libgcc.a(_udivmoddi4.o)
                0x0000000008008100                __exidx_end = .
                0x0000000008008100                . = ALIGN (0x4)

.rel.dyn        0x0000000008008100        0x0
 .rel.iplt      0x0000000008008100        0x0 c:/st/stm32cubeide_1.4.0/stm32cubeide/plugins/com.st.stm32cube.ide.mcu.externaltools.gnu-tools-for-stm32.7-2018-q2-update.win32_1.4.0.202007081208/tools/bin/../lib/gcc/arm-none-eabi/7.3.1/thumb/v7e-m/fpv4-sp/hard/crtbegin.o

.preinit_array  0x0000000008008100        0x0
                0x0000000008008100                . = ALIGN (0x4)
                0x0000000008008100                PROVIDE (__preinit_array_start = .)
 *(.preinit_array*)
                0x0000000008008100                PROVIDE (__preinit_array_end = .)
                0x0000000008008100                . = ALIGN (0x4)

.init_array     0x0000000008008100        0x4
                0x0000000008008100                . = ALIGN (0x4)
                0x0000000008008100                PROVIDE (__init_array_start = .)
 *(SORT_BY_NAME(.init_array.*))
 *(.init_array*)
 .init_array    0x0000000008008100        0x4 c:/st/stm32cubeide_1.4.0/stm32cubeide/plugins/com.st.stm32cube.ide.mcu.externaltools.gnu-tools-for-stm32.7-2018-q2-update.win32_1.4.0.202007081208/tools/bin/../lib/gcc/arm-none-eabi/7.3.1/thumb/v7e-m/fpv4-sp/hard/crtbegin.o
                0x0000000008008104                PROVIDE (__init_array_end = .)
                0x0000000008008104                . = ALIGN (0x4)

.fini_array     0x0000000008008104        0x4
                0x0000000008008104                . = ALIGN (0x4)
                [!provide]                        PROVIDE (__fini_array_start = .)
 *(SORT_BY_NAME(.fini_array.*))
 *(.fini_array*)
 .fini_array    0x0000000008008104        0x4 c:/st/stm32cubeide_1.4.0/stm32cubeide/plugins/com.st.stm32cube.ide.mcu.externaltools.gnu-tools-for-stm32.7-2018-q2-update.win32_1.4.0.202007081208/tools/bin/../lib/gcc/arm-none-eabi/7.3.1/thumb/v7e-m/fpv4-sp/hard/crtbegin.o
                [!provide]                        PROVIDE (__fini_array_end = .)
                0x0000000008008108                . = ALIGN (0x4)
                0x0000000008008108                _sidata = LOADADDR (.data)

.data           0x0000000020000000       0x3c load address 0x0000000008008108
                0x0000000020000000                . = ALIGN (0x4)
                0x0000000020000000                _sdata = .
 *(.data)
 *(.data*)
 .data.tcp_size_wnd
                0x0000000020000000        0x2 Core/Src/httpd.o
                0x0000000020000000                tcp_size_wnd
 .data.irq_prc  0x0000000020000002        0x1 Core/Src/main.o
                0x0000000020000002                irq_prc
 *fill*         0x0000000020000003        0x1 
 .data.SystemCoreClock
                0x0000000020000004        0x4 Core/Src/system_stm32f4xx.o
                0x0000000020000004                SystemCoreClock
 .data.ipaddr   0x0000000020000008        0x4 Core/Src/w5500.o
                0x0000000020000008                ipaddr
 .data.ipgate   0x000000002000000c        0x4 Core/Src/w5500.o
                0x000000002000000c                ipgate
 .data.ipmask   0x0000000020000010        0x4 Core/Src/w5500.o
                0x0000000020000010                ipmask
 .data.local_port
                0x0000000020000014        0x2 Core/Src/w5500.o
                0x0000000020000014                local_port
 *fill*         0x0000000020000016        0x2 
 .data.macaddr  0x0000000020000018        0x6 Core/Src/w5500.o
                0x0000000020000018                macaddr
 *fill*         0x000000002000001e        0x2 
 .data.uwTickPrio
                0x0000000020000020        0x4 Drivers/STM32F4xx_HAL_Driver/Src/stm32f4xx_hal.o
                0x0000000020000020                uwTickPrio
 .data.uwTickFreq
                0x0000000020000024        0x1 Drivers/STM32F4xx_HAL_Driver/Src/stm32f4xx_hal.o
                0x0000000020000024                uwTickFreq
 .data.Stat     0x0000000020000025        0x1 FATFS/Target/user_diskio.o
 *fill*         0x0000000020000026        0x2 
 .data.USER_Driver
                0x0000000020000028       0x14 FATFS/Target/user_diskio.o
                0x0000000020000028                USER_Driver
                0x000000002000003c                . = ALIGN (0x4)
                0x000000002000003c                _edata = .

.igot.plt       0x000000002000003c        0x0 load address 0x0000000008008144
 .igot.plt      0x000000002000003c        0x0 c:/st/stm32cubeide_1.4.0/stm32cubeide/plugins/com.st.stm32cube.ide.mcu.externaltools.gnu-tools-for-stm32.7-2018-q2-update.win32_1.4.0.202007081208/tools/bin/../lib/gcc/arm-none-eabi/7.3.1/thumb/v7e-m/fpv4-sp/hard/crtbegin.o
                0x000000002000003c                . = ALIGN (0x4)

.bss            0x000000002000003c     0x4b64 load address 0x0000000008008144
                0x000000002000003c                _sbss = .
                0x000000002000003c                __bss_start__ = _sbss
 *(.bss)
 .bss           0x000000002000003c       0x1c c:/st/stm32cubeide_1.4.0/stm32cubeide/plugins/com.st.stm32cube.ide.mcu.externaltools.gnu-tools-for-stm32.7-2018-q2-update.win32_1.4.0.202007081208/tools/bin/../lib/gcc/arm-none-eabi/7.3.1/thumb/v7e-m/fpv4-sp/hard/crtbegin.o
 *(.bss*)
 .bss.FatFs     0x0000000020000058        0x4 Middlewares/Third_Party/FatFs/src/ff.o
 .bss.Fsid      0x000000002000005c        0x2 Middlewares/Third_Party/FatFs/src/ff.o
 *fill*         0x000000002000005e        0x2 
 .bss.Files     0x0000000020000060       0x20 Middlewares/Third_Party/FatFs/src/ff.o
 .bss.LfnBuf    0x0000000020000080      0x200 Middlewares/Third_Party/FatFs/src/ff.o
 .bss.disk      0x0000000020000280        0xc Middlewares/Third_Party/FatFs/src/ff_gen_drv.o
                0x0000000020000280                disk
 *(COMMON)
 COMMON         0x000000002000028c      0x124 Core/Src/httpd.o
                0x000000002000028c                data_size
                0x00000000200002ac                cnt_rem_data_part
                0x00000000200002bc                cnt_data_part
                0x00000000200002cc                fname
                0x000000002000036c                prt_tp
                0x0000000020000374                header
                0x0000000020000378                http_doc
                0x0000000020000380                last_data_part_size
                0x0000000020000390                total_count_bytes
 COMMON         0x00000000200003b0        0x1 Core/Src/main.o
                0x00000000200003b0                w5500_irq_flag
 *fill*         0x00000000200003b1        0x3 
 COMMON         0x00000000200003b4     0x2404 Core/Src/sd_spi.o
                0x00000000200003b4                sFileInfo
                0x00000000200004cc                fs
                0x00000000200004d0                bytesread
                0x00000000200004d4                SDFatFs
                0x000000002000150c                USER_Path
                0x0000000020001510                MyFile
                0x0000000020002540                aStringBuffer
                0x000000002000257c                result
                0x0000000020002580                sDirectory
                0x00000000200025b4                sdinfo
                0x00000000200025b8                aBuffer
 COMMON         0x00000000200027b8       0xb0 Core/Src/spi.o
                0x00000000200027b8                hspi2
                0x0000000020002810                hspi1
 COMMON         0x0000000020002868       0x40 Core/Src/usart.o
                0x0000000020002868                huart2
 COMMON         0x00000000200028a8      0x283 Core/Src/w5500.o
                0x00000000200028a8                tmpbuf
                0x0000000020002928                sect
 *fill*         0x0000000020002b2b        0x1 
 COMMON         0x0000000020002b2c        0x4 Drivers/STM32F4xx_HAL_Driver/Src/stm32f4xx_hal.o
                0x0000000020002b2c                uwTick
 COMMON         0x0000000020002b30     0x2070 FATFS/App/fatfs.o
                0x0000000020002b30                USERPath
                0x0000000020002b34                retUSER
                0x0000000020002b38                USERFile
                0x0000000020003b68                USERFatFS
                0x0000000020004ba0                . = ALIGN (0x4)
                0x0000000020004ba0                _ebss = .
                0x0000000020004ba0                __bss_end__ = _ebss

._user_heap_stack
                0x0000000020004ba0      0xc00 load address 0x0000000008008144
                0x0000000020004ba0                . = ALIGN (0x8)
                [!provide]                        PROVIDE (end = .)
                0x0000000020004ba0                PROVIDE (_end = .)
                0x0000000020004fa0                . = (. + _Min_Heap_Size)
 *fill*         0x0000000020004ba0      0x400 
                0x00000000200057a0                . = (. + _Min_Stack_Size)
 *fill*         0x0000000020004fa0      0x800 
                0x00000000200057a0                . = ALIGN (0x8)

/DISCARD/
 libc.a(*)
 libm.a(*)
 libgcc.a(*)

.ARM.attributes
                0x0000000000000000       0x30
 *(.ARM.attributes)
 .ARM.attributes
                0x0000000000000000       0x22 c:/st/stm32cubeide_1.4.0/stm32cubeide/plugins/com.st.stm32cube.ide.mcu.externaltools.gnu-tools-for-stm32.7-2018-q2-update.win32_1.4.0.202007081208/tools/bin/../lib/gcc/arm-none-eabi/7.3.1/thumb/v7e-m/fpv4-sp/hard/crti.o
 .ARM.attributes
                0x0000000000000022       0x34 c:/st/stm32cubeide_1.4.0/stm32cubeide/plugins/com.st.stm32cube.ide.mcu.externaltools.gnu-tools-for-stm32.7-2018-q2-update.win32_1.4.0.202007081208/tools/bin/../lib/gcc/arm-none-eabi/7.3.1/thumb/v7e-m/fpv4-sp/hard/crtbegin.o
 .ARM.attributes
                0x0000000000000056       0x39 Core/Src/gpio.o
 .ARM.attributes
                0x000000000000008f       0x39 Core/Src/httpd.o
 .ARM.attributes
                0x00000000000000c8       0x39 Core/Src/main.o
 .ARM.attributes
                0x0000000000000101       0x39 Core/Src/sd_spi.o
 .ARM.attributes
                0x000000000000013a       0x39 Core/Src/spi.o
 .ARM.attributes
                0x0000000000000173       0x39 Core/Src/stm32f4xx_hal_msp.o
 .ARM.attributes
                0x00000000000001ac       0x39 Core/Src/stm32f4xx_it.o
 .ARM.attributes
                0x00000000000001e5       0x39 Core/Src/system_stm32f4xx.o
 .ARM.attributes
                0x000000000000021e       0x39 Core/Src/usart.o
 .ARM.attributes
                0x0000000000000257       0x39 Core/Src/w5500.o
 .ARM.attributes
                0x0000000000000290       0x21 Core/Startup/startup_stm32f407vgtx.o
 .ARM.attributes
                0x00000000000002b1       0x39 Drivers/STM32F4xx_HAL_Driver/Src/stm32f4xx_hal.o
 .ARM.attributes
                0x00000000000002ea       0x39 Drivers/STM32F4xx_HAL_Driver/Src/stm32f4xx_hal_cortex.o
 .ARM.attributes
                0x0000000000000323       0x39 Drivers/STM32F4xx_HAL_Driver/Src/stm32f4xx_hal_gpio.o
 .ARM.attributes
                0x000000000000035c       0x39 Drivers/STM32F4xx_HAL_Driver/Src/stm32f4xx_hal_rcc.o
 .ARM.attributes
                0x0000000000000395       0x39 Drivers/STM32F4xx_HAL_Driver/Src/stm32f4xx_hal_spi.o
 .ARM.attributes
                0x00000000000003ce       0x39 Drivers/STM32F4xx_HAL_Driver/Src/stm32f4xx_hal_uart.o
 .ARM.attributes
                0x0000000000000407       0x39 FATFS/App/fatfs.o
 .ARM.attributes
                0x0000000000000440       0x39 FATFS/Target/user_diskio.o
 .ARM.attributes
                0x0000000000000479       0x39 Middlewares/Third_Party/FatFs/src/diskio.o
 .ARM.attributes
                0x00000000000004b2       0x39 Middlewares/Third_Party/FatFs/src/ff.o
 .ARM.attributes
                0x00000000000004eb       0x39 Middlewares/Third_Party/FatFs/src/ff_gen_drv.o
 .ARM.attributes
                0x0000000000000524       0x39 Middlewares/Third_Party/FatFs/src/option/ccsbcs.o
 .ARM.attributes
                0x000000000000055d       0x34 c:/st/stm32cubeide_1.4.0/stm32cubeide/plugins/com.st.stm32cube.ide.mcu.externaltools.gnu-tools-for-stm32.7-2018-q2-update.win32_1.4.0.202007081208/tools/bin/../lib/gcc/arm-none-eabi/7.3.1/../../../../arm-none-eabi/lib/thumb/v7e-m/fpv4-sp/hard\libc_nano.a(lib_a-init.o)
 .ARM.attributes
                0x0000000000000591       0x34 c:/st/stm32cubeide_1.4.0/stm32cubeide/plugins/com.st.stm32cube.ide.mcu.externaltools.gnu-tools-for-stm32.7-2018-q2-update.win32_1.4.0.202007081208/tools/bin/../lib/gcc/arm-none-eabi/7.3.1/../../../../arm-none-eabi/lib/thumb/v7e-m/fpv4-sp/hard\libc_nano.a(lib_a-memcpy-stub.o)
 .ARM.attributes
                0x00000000000005c5       0x34 c:/st/stm32cubeide_1.4.0/stm32cubeide/plugins/com.st.stm32cube.ide.mcu.externaltools.gnu-tools-for-stm32.7-2018-q2-update.win32_1.4.0.202007081208/tools/bin/../lib/gcc/arm-none-eabi/7.3.1/../../../../arm-none-eabi/lib/thumb/v7e-m/fpv4-sp/hard\libc_nano.a(lib_a-memset.o)
 .ARM.attributes
                0x00000000000005f9       0x34 c:/st/stm32cubeide_1.4.0/stm32cubeide/plugins/com.st.stm32cube.ide.mcu.externaltools.gnu-tools-for-stm32.7-2018-q2-update.win32_1.4.0.202007081208/tools/bin/../lib/gcc/arm-none-eabi/7.3.1/../../../../arm-none-eabi/lib/thumb/v7e-m/fpv4-sp/hard\libc_nano.a(lib_a-strchr.o)
 .ARM.attributes
                0x000000000000062d       0x34 c:/st/stm32cubeide_1.4.0/stm32cubeide/plugins/com.st.stm32cube.ide.mcu.externaltools.gnu-tools-for-stm32.7-2018-q2-update.win32_1.4.0.202007081208/tools/bin/../lib/gcc/arm-none-eabi/7.3.1/../../../../arm-none-eabi/lib/thumb/v7e-m/fpv4-sp/hard\libc_nano.a(lib_a-strcpy.o)
 .ARM.attributes
                0x0000000000000661       0x1b c:/st/stm32cubeide_1.4.0/stm32cubeide/plugins/com.st.stm32cube.ide.mcu.externaltools.gnu-tools-for-stm32.7-2018-q2-update.win32_1.4.0.202007081208/tools/bin/../lib/gcc/arm-none-eabi/7.3.1/../../../../arm-none-eabi/lib/thumb/v7e-m/fpv4-sp/hard\libc_nano.a(lib_a-strlen.o)
 .ARM.attributes
                0x000000000000067c       0x34 c:/st/stm32cubeide_1.4.0/stm32cubeide/plugins/com.st.stm32cube.ide.mcu.externaltools.gnu-tools-for-stm32.7-2018-q2-update.win32_1.4.0.202007081208/tools/bin/../lib/gcc/arm-none-eabi/7.3.1/../../../../arm-none-eabi/lib/thumb/v7e-m/fpv4-sp/hard\libc_nano.a(lib_a-strncmp.o)
 .ARM.attributes
                0x00000000000006b0       0x22 c:/st/stm32cubeide_1.4.0/stm32cubeide/plugins/com.st.stm32cube.ide.mcu.externaltools.gnu-tools-for-stm32.7-2018-q2-update.win32_1.4.0.202007081208/tools/bin/../lib/gcc/arm-none-eabi/7.3.1/thumb/v7e-m/fpv4-sp/hard\libgcc.a(_aeabi_uldivmod.o)
 .ARM.attributes
                0x00000000000006d2       0x34 c:/st/stm32cubeide_1.4.0/stm32cubeide/plugins/com.st.stm32cube.ide.mcu.externaltools.gnu-tools-for-stm32.7-2018-q2-update.win32_1.4.0.202007081208/tools/bin/../lib/gcc/arm-none-eabi/7.3.1/thumb/v7e-m/fpv4-sp/hard\libgcc.a(_udivmoddi4.o)
 .ARM.attributes
                0x0000000000000706       0x22 c:/st/stm32cubeide_1.4.0/stm32cubeide/plugins/com.st.stm32cube.ide.mcu.externaltools.gnu-tools-for-stm32.7-2018-q2-update.win32_1.4.0.202007081208/tools/bin/../lib/gcc/arm-none-eabi/7.3.1/thumb/v7e-m/fpv4-sp/hard\libgcc.a(_dvmd_tls.o)
 .ARM.attributes
                0x0000000000000728       0x22 c:/st/stm32cubeide_1.4.0/stm32cubeide/plugins/com.st.stm32cube.ide.mcu.externaltools.gnu-tools-for-stm32.7-2018-q2-update.win32_1.4.0.202007081208/tools/bin/../lib/gcc/arm-none-eabi/7.3.1/thumb/v7e-m/fpv4-sp/hard/crtn.o
OUTPUT(STM32F407VGT_LAN_W5500.elf elf32-littlearm)

.debug_info     0x0000000000000000    0x148ba
 .debug_info    0x0000000000000000      0x724 Core/Src/gpio.o
 .debug_info    0x0000000000000724     0x1698 Core/Src/httpd.o
 .debug_info    0x0000000000001dbc     0x18c9 Core/Src/main.o
 .debug_info    0x0000000000003685     0x1b04 Core/Src/sd_spi.o
 .debug_info    0x0000000000005189      0xa34 Core/Src/spi.o
 .debug_info    0x0000000000005bbd      0x362 Core/Src/stm32f4xx_hal_msp.o
 .debug_info    0x0000000000005f1f      0x231 Core/Src/stm32f4xx_it.o
 .debug_info    0x0000000000006150      0x554 Core/Src/system_stm32f4xx.o
 .debug_info    0x00000000000066a4      0x94a Core/Src/usart.o
 .debug_info    0x0000000000006fee     0x184a Core/Src/w5500.o
 .debug_info    0x0000000000008838       0x22 Core/Startup/startup_stm32f407vgtx.o
 .debug_info    0x000000000000885a      0x945 Drivers/STM32F4xx_HAL_Driver/Src/stm32f4xx_hal.o
 .debug_info    0x000000000000919f      0xe28 Drivers/STM32F4xx_HAL_Driver/Src/stm32f4xx_hal_cortex.o
 .debug_info    0x0000000000009fc7      0x7b5 Drivers/STM32F4xx_HAL_Driver/Src/stm32f4xx_hal_gpio.o
 .debug_info    0x000000000000a77c      0x904 Drivers/STM32F4xx_HAL_Driver/Src/stm32f4xx_hal_rcc.o
 .debug_info    0x000000000000b080     0x163a Drivers/STM32F4xx_HAL_Driver/Src/stm32f4xx_hal_spi.o
 .debug_info    0x000000000000c6ba     0x124c Drivers/STM32F4xx_HAL_Driver/Src/stm32f4xx_hal_uart.o
 .debug_info    0x000000000000d906      0xdaa FATFS/App/fatfs.o
 .debug_info    0x000000000000e6b0      0xfb9 FATFS/Target/user_diskio.o
 .debug_info    0x000000000000f669      0xcdc Middlewares/Third_Party/FatFs/src/diskio.o
 .debug_info    0x0000000000010345     0x2e3a Middlewares/Third_Party/FatFs/src/ff.o
 .debug_info    0x000000000001317f      0xc74 Middlewares/Third_Party/FatFs/src/ff_gen_drv.o
 .debug_info    0x0000000000013df3      0xac7 Middlewares/Third_Party/FatFs/src/option/ccsbcs.o

.debug_abbrev   0x0000000000000000     0x2bdf
 .debug_abbrev  0x0000000000000000      0x13d Core/Src/gpio.o
 .debug_abbrev  0x000000000000013d      0x264 Core/Src/httpd.o
 .debug_abbrev  0x00000000000003a1      0x256 Core/Src/main.o
 .debug_abbrev  0x00000000000005f7      0x2d2 Core/Src/sd_spi.o
 .debug_abbrev  0x00000000000008c9      0x199 Core/Src/spi.o
 .debug_abbrev  0x0000000000000a62      0x109 Core/Src/stm32f4xx_hal_msp.o
 .debug_abbrev  0x0000000000000b6b       0xc6 Core/Src/stm32f4xx_it.o
 .debug_abbrev  0x0000000000000c31      0x12b Core/Src/system_stm32f4xx.o
 .debug_abbrev  0x0000000000000d5c      0x199 Core/Src/usart.o
 .debug_abbrev  0x0000000000000ef5      0x2a9 Core/Src/w5500.o
 .debug_abbrev  0x000000000000119e       0x12 Core/Startup/startup_stm32f407vgtx.o
 .debug_abbrev  0x00000000000011b0      0x1c7 Drivers/STM32F4xx_HAL_Driver/Src/stm32f4xx_hal.o
 .debug_abbrev  0x0000000000001377      0x2fa Drivers/STM32F4xx_HAL_Driver/Src/stm32f4xx_hal_cortex.o
 .debug_abbrev  0x0000000000001671      0x1c9 Drivers/STM32F4xx_HAL_Driver/Src/stm32f4xx_hal_gpio.o
 .debug_abbrev  0x000000000000183a      0x245 Drivers/STM32F4xx_HAL_Driver/Src/stm32f4xx_hal_rcc.o
 .debug_abbrev  0x0000000000001a7f      0x240 Drivers/STM32F4xx_HAL_Driver/Src/stm32f4xx_hal_spi.o
 .debug_abbrev  0x0000000000001cbf      0x242 Drivers/STM32F4xx_HAL_Driver/Src/stm32f4xx_hal_uart.o
 .debug_abbrev  0x0000000000001f01      0x1df FATFS/App/fatfs.o
 .debug_abbrev  0x00000000000020e0      0x239 FATFS/Target/user_diskio.o
 .debug_abbrev  0x0000000000002319      0x209 Middlewares/Third_Party/FatFs/src/diskio.o
 .debug_abbrev  0x0000000000002522      0x298 Middlewares/Third_Party/FatFs/src/ff.o
 .debug_abbrev  0x00000000000027ba      0x236 Middlewares/Third_Party/FatFs/src/ff_gen_drv.o
 .debug_abbrev  0x00000000000029f0      0x1ef Middlewares/Third_Party/FatFs/src/option/ccsbcs.o

.debug_aranges  0x0000000000000000      0xd00
 .debug_aranges
                0x0000000000000000       0x20 Core/Src/gpio.o
 .debug_aranges
                0x0000000000000020       0x40 Core/Src/httpd.o
 .debug_aranges
                0x0000000000000060       0x38 Core/Src/main.o
 .debug_aranges
                0x0000000000000098       0x88 Core/Src/sd_spi.o
 .debug_aranges
                0x0000000000000120       0x38 Core/Src/spi.o
 .debug_aranges
                0x0000000000000158       0x20 Core/Src/stm32f4xx_hal_msp.o
 .debug_aranges
                0x0000000000000178       0x68 Core/Src/stm32f4xx_it.o
 .debug_aranges
                0x00000000000001e0       0x28 Core/Src/system_stm32f4xx.o
 .debug_aranges
                0x0000000000000208       0x30 Core/Src/usart.o
 .debug_aranges
                0x0000000000000238       0xd0 Core/Src/w5500.o
 .debug_aranges
                0x0000000000000308       0x28 Core/Startup/startup_stm32f407vgtx.o
 .debug_aranges
                0x0000000000000330       0xf0 Drivers/STM32F4xx_HAL_Driver/Src/stm32f4xx_hal.o
 .debug_aranges
                0x0000000000000420      0x118 Drivers/STM32F4xx_HAL_Driver/Src/stm32f4xx_hal_cortex.o
 .debug_aranges
                0x0000000000000538       0x58 Drivers/STM32F4xx_HAL_Driver/Src/stm32f4xx_hal_gpio.o
 .debug_aranges
                0x0000000000000590       0x88 Drivers/STM32F4xx_HAL_Driver/Src/stm32f4xx_hal_rcc.o
 .debug_aranges
                0x0000000000000618      0x1d0 Drivers/STM32F4xx_HAL_Driver/Src/stm32f4xx_hal_spi.o
 .debug_aranges
                0x00000000000007e8      0x1d0 Drivers/STM32F4xx_HAL_Driver/Src/stm32f4xx_hal_uart.o
 .debug_aranges
                0x00000000000009b8       0x28 FATFS/App/fatfs.o
 .debug_aranges
                0x00000000000009e0       0x40 FATFS/Target/user_diskio.o
 .debug_aranges
                0x0000000000000a20       0x48 Middlewares/Third_Party/FatFs/src/diskio.o
 .debug_aranges
                0x0000000000000a68      0x230 Middlewares/Third_Party/FatFs/src/ff.o
 .debug_aranges
                0x0000000000000c98       0x40 Middlewares/Third_Party/FatFs/src/ff_gen_drv.o
 .debug_aranges
                0x0000000000000cd8       0x28 Middlewares/Third_Party/FatFs/src/option/ccsbcs.o

.debug_ranges   0x0000000000000000      0xb98
 .debug_ranges  0x0000000000000000       0x10 Core/Src/gpio.o
 .debug_ranges  0x0000000000000010       0x30 Core/Src/httpd.o
 .debug_ranges  0x0000000000000040       0x28 Core/Src/main.o
 .debug_ranges  0x0000000000000068       0x78 Core/Src/sd_spi.o
 .debug_ranges  0x00000000000000e0       0x28 Core/Src/spi.o
 .debug_ranges  0x0000000000000108       0x10 Core/Src/stm32f4xx_hal_msp.o
 .debug_ranges  0x0000000000000118       0x58 Core/Src/stm32f4xx_it.o
 .debug_ranges  0x0000000000000170       0x18 Core/Src/system_stm32f4xx.o
 .debug_ranges  0x0000000000000188       0x20 Core/Src/usart.o
 .debug_ranges  0x00000000000001a8       0xc0 Core/Src/w5500.o
 .debug_ranges  0x0000000000000268       0x20 Core/Startup/startup_stm32f407vgtx.o
 .debug_ranges  0x0000000000000288       0xe0 Drivers/STM32F4xx_HAL_Driver/Src/stm32f4xx_hal.o
 .debug_ranges  0x0000000000000368      0x108 Drivers/STM32F4xx_HAL_Driver/Src/stm32f4xx_hal_cortex.o
 .debug_ranges  0x0000000000000470       0x48 Drivers/STM32F4xx_HAL_Driver/Src/stm32f4xx_hal_gpio.o
 .debug_ranges  0x00000000000004b8       0x78 Drivers/STM32F4xx_HAL_Driver/Src/stm32f4xx_hal_rcc.o
 .debug_ranges  0x0000000000000530      0x1c0 Drivers/STM32F4xx_HAL_Driver/Src/stm32f4xx_hal_spi.o
 .debug_ranges  0x00000000000006f0      0x1c0 Drivers/STM32F4xx_HAL_Driver/Src/stm32f4xx_hal_uart.o
 .debug_ranges  0x00000000000008b0       0x18 FATFS/App/fatfs.o
 .debug_ranges  0x00000000000008c8       0x30 FATFS/Target/user_diskio.o
 .debug_ranges  0x00000000000008f8       0x38 Middlewares/Third_Party/FatFs/src/diskio.o
 .debug_ranges  0x0000000000000930      0x220 Middlewares/Third_Party/FatFs/src/ff.o
 .debug_ranges  0x0000000000000b50       0x30 Middlewares/Third_Party/FatFs/src/ff_gen_drv.o
 .debug_ranges  0x0000000000000b80       0x18 Middlewares/Third_Party/FatFs/src/option/ccsbcs.o

.debug_macro    0x0000000000000000    0x23a71
 .debug_macro   0x0000000000000000      0x1dd Core/Src/gpio.o
 .debug_macro   0x00000000000001dd      0xa5a Core/Src/gpio.o
 .debug_macro   0x0000000000000c37      0x294 Core/Src/gpio.o
 .debug_macro   0x0000000000000ecb       0x2e Core/Src/gpio.o
 .debug_macro   0x0000000000000ef9       0x2f Core/Src/gpio.o
 .debug_macro   0x0000000000000f28       0x22 Core/Src/gpio.o
 .debug_macro   0x0000000000000f4a       0x8e Core/Src/gpio.o
 .debug_macro   0x0000000000000fd8       0x51 Core/Src/gpio.o
 .debug_macro   0x0000000000001029       0xef Core/Src/gpio.o
 .debug_macro   0x0000000000001118       0x6a Core/Src/gpio.o
 .debug_macro   0x0000000000001182      0x1df Core/Src/gpio.o
 .debug_macro   0x0000000000001361       0x1c Core/Src/gpio.o
 .debug_macro   0x000000000000137d       0x22 Core/Src/gpio.o
 .debug_macro   0x000000000000139f       0xdf Core/Src/gpio.o
 .debug_macro   0x000000000000147e     0x102d Core/Src/gpio.o
 .debug_macro   0x00000000000024ab      0x11f Core/Src/gpio.o
 .debug_macro   0x00000000000025ca    0x15e3c Core/Src/gpio.o
 .debug_macro   0x0000000000018406       0x43 Core/Src/gpio.o
 .debug_macro   0x0000000000018449     0x3659 Core/Src/gpio.o
 .debug_macro   0x000000000001baa2      0x174 Core/Src/gpio.o
 .debug_macro   0x000000000001bc16       0x5a Core/Src/gpio.o
 .debug_macro   0x000000000001bc70      0x96b Core/Src/gpio.o
 .debug_macro   0x000000000001c5db      0x9fe Core/Src/gpio.o
 .debug_macro   0x000000000001cfd9      0x117 Core/Src/gpio.o
 .debug_macro   0x000000000001d0f0      0x13e Core/Src/gpio.o
 .debug_macro   0x000000000001d22e       0x27 Core/Src/gpio.o
 .debug_macro   0x000000000001d255      0x174 Core/Src/gpio.o
 .debug_macro   0x000000000001d3c9      0x287 Core/Src/gpio.o
 .debug_macro   0x000000000001d650       0x5f Core/Src/gpio.o
 .debug_macro   0x000000000001d6af      0x236 Core/Src/gpio.o
 .debug_macro   0x000000000001d8e5      0x12c Core/Src/gpio.o
 .debug_macro   0x000000000001da11      0x21e Core/Src/gpio.o
 .debug_macro   0x000000000001dc2f       0x2e Core/Src/gpio.o
 .debug_macro   0x000000000001dc5d      0x11a Core/Src/gpio.o
 .debug_macro   0x000000000001dd77       0x7e Core/Src/gpio.o
 .debug_macro   0x000000000001ddf5       0x89 Core/Src/gpio.o
 .debug_macro   0x000000000001de7e      0x225 Core/Src/gpio.o
 .debug_macro   0x000000000001e0a3      0x287 Core/Src/gpio.o
 .debug_macro   0x000000000001e32a      0x12d Core/Src/gpio.o
 .debug_macro   0x000000000001e457       0x6a Core/Src/gpio.o
 .debug_macro   0x000000000001e4c1      0x3ec Core/Src/httpd.o
 .debug_macro   0x000000000001e8ad       0x46 Core/Src/httpd.o
 .debug_macro   0x000000000001e8f3       0x18 Core/Src/httpd.o
 .debug_macro   0x000000000001e90b       0x3c Core/Src/httpd.o
 .debug_macro   0x000000000001e947       0x34 Core/Src/httpd.o
 .debug_macro   0x000000000001e97b       0x52 Core/Src/httpd.o
 .debug_macro   0x000000000001e9cd       0x1f Core/Src/httpd.o
 .debug_macro   0x000000000001e9ec       0x43 Core/Src/httpd.o
 .debug_macro   0x000000000001ea2f       0x20 Core/Src/httpd.o
 .debug_macro   0x000000000001ea4f      0x1a3 Core/Src/httpd.o
 .debug_macro   0x000000000001ebf2      0x32a Core/Src/httpd.o
 .debug_macro   0x000000000001ef1c       0x10 Core/Src/httpd.o
 .debug_macro   0x000000000001ef2c       0x35 Core/Src/httpd.o
 .debug_macro   0x000000000001ef61       0x20 Core/Src/httpd.o
 .debug_macro   0x000000000001ef81       0x16 Core/Src/httpd.o
 .debug_macro   0x000000000001ef97       0x16 Core/Src/httpd.o
 .debug_macro   0x000000000001efad       0x29 Core/Src/httpd.o
 .debug_macro   0x000000000001efd6       0x1c Core/Src/httpd.o
 .debug_macro   0x000000000001eff2       0x10 Core/Src/httpd.o
 .debug_macro   0x000000000001f002       0x10 Core/Src/httpd.o
 .debug_macro   0x000000000001f012       0x1c Core/Src/httpd.o
 .debug_macro   0x000000000001f02e       0x52 Core/Src/httpd.o
 .debug_macro   0x000000000001f080       0x40 Core/Src/httpd.o
 .debug_macro   0x000000000001f0c0       0x10 Core/Src/httpd.o
 .debug_macro   0x000000000001f0d0       0x40 Core/Src/httpd.o
 .debug_macro   0x000000000001f110       0xd7 Core/Src/httpd.o
 .debug_macro   0x000000000001f1e7       0x1c Core/Src/httpd.o
 .debug_macro   0x000000000001f203       0x3d Core/Src/httpd.o
 .debug_macro   0x000000000001f240       0x16 Core/Src/httpd.o
 .debug_macro   0x000000000001f256      0x145 Core/Src/httpd.o
 .debug_macro   0x000000000001f39b       0x70 Core/Src/httpd.o
 .debug_macro   0x000000000001f40b       0xf3 Core/Src/httpd.o
 .debug_macro   0x000000000001f4fe       0xdb Core/Src/httpd.o
 .debug_macro   0x000000000001f5d9       0x8e Core/Src/httpd.o
 .debug_macro   0x000000000001f667       0x46 Core/Src/httpd.o
 .debug_macro   0x000000000001f6ad      0x3e9 Core/Src/httpd.o
 .debug_macro   0x000000000001fa96      0x411 Core/Src/main.o
 .debug_macro   0x000000000001fea7       0xeb Core/Src/main.o
 .debug_macro   0x000000000001ff92       0x12 Core/Src/main.o
 .debug_macro   0x000000000001ffa4       0xe2 Core/Src/main.o
 .debug_macro   0x0000000000020086       0x16 Core/Src/main.o
 .debug_macro   0x000000000002009c       0xa6 Core/Src/main.o
 .debug_macro   0x0000000000020142      0x3e9 Core/Src/sd_spi.o
 .debug_macro   0x000000000002052b      0x1dd Core/Src/spi.o
 .debug_macro   0x0000000000020708      0x1d3 Core/Src/stm32f4xx_hal_msp.o
 .debug_macro   0x00000000000208db      0x1dd Core/Src/stm32f4xx_it.o
 .debug_macro   0x0000000000020ab8      0x1ca Core/Src/system_stm32f4xx.o
 .debug_macro   0x0000000000020c82      0x1dd Core/Src/usart.o
 .debug_macro   0x0000000000020e5f      0x390 Core/Src/w5500.o
 .debug_macro   0x00000000000211ef      0x3e9 Core/Src/w5500.o
 .debug_macro   0x00000000000215d8      0x224 Drivers/STM32F4xx_HAL_Driver/Src/stm32f4xx_hal.o
 .debug_macro   0x00000000000217fc      0x1c4 Drivers/STM32F4xx_HAL_Driver/Src/stm32f4xx_hal_cortex.o
 .debug_macro   0x00000000000219c0      0x1fa Drivers/STM32F4xx_HAL_Driver/Src/stm32f4xx_hal_gpio.o
 .debug_macro   0x0000000000021bba      0x1e8 Drivers/STM32F4xx_HAL_Driver/Src/stm32f4xx_hal_rcc.o
 .debug_macro   0x0000000000021da2      0x1d3 Drivers/STM32F4xx_HAL_Driver/Src/stm32f4xx_hal_spi.o
 .debug_macro   0x0000000000021f75      0x1c5 Drivers/STM32F4xx_HAL_Driver/Src/stm32f4xx_hal_uart.o
 .debug_macro   0x000000000002213a      0x2eb FATFS/App/fatfs.o
 .debug_macro   0x0000000000022425       0xe5 FATFS/App/fatfs.o
 .debug_macro   0x000000000002250a      0x3f4 FATFS/Target/user_diskio.o
 .debug_macro   0x00000000000228fe       0x16 FATFS/Target/user_diskio.o
 .debug_macro   0x0000000000022914       0x7c FATFS/Target/user_diskio.o
 .debug_macro   0x0000000000022990       0xd9 FATFS/Target/user_diskio.o
 .debug_macro   0x0000000000022a69       0x54 FATFS/Target/user_diskio.o
 .debug_macro   0x0000000000022abd      0x2d8 Middlewares/Third_Party/FatFs/src/diskio.o
 .debug_macro   0x0000000000022d95      0x6e6 Middlewares/Third_Party/FatFs/src/ff.o
 .debug_macro   0x000000000002347b       0x58 Middlewares/Third_Party/FatFs/src/ff.o
 .debug_macro   0x00000000000234d3      0x2d8 Middlewares/Third_Party/FatFs/src/ff_gen_drv.o
 .debug_macro   0x00000000000237ab      0x2c6 Middlewares/Third_Party/FatFs/src/option/ccsbcs.o

.debug_line     0x0000000000000000     0xe678
 .debug_line    0x0000000000000000      0x6c0 Core/Src/gpio.o
 .debug_line    0x00000000000006c0      0xb15 Core/Src/httpd.o
 .debug_line    0x00000000000011d5      0x9eb Core/Src/main.o
 .debug_line    0x0000000000001bc0      0xbf8 Core/Src/sd_spi.o
 .debug_line    0x00000000000027b8      0x718 Core/Src/spi.o
 .debug_line    0x0000000000002ed0      0x6a8 Core/Src/stm32f4xx_hal_msp.o
 .debug_line    0x0000000000003578      0x75d Core/Src/stm32f4xx_it.o
 .debug_line    0x0000000000003cd5      0x6c2 Core/Src/system_stm32f4xx.o
 .debug_line    0x0000000000004397      0x6db Core/Src/usart.o
 .debug_line    0x0000000000004a72      0xaf6 Core/Src/w5500.o
 .debug_line    0x0000000000005568       0x85 Core/Startup/startup_stm32f407vgtx.o
 .debug_line    0x00000000000055ed      0x8ac Drivers/STM32F4xx_HAL_Driver/Src/stm32f4xx_hal.o
 .debug_line    0x0000000000005e99      0x9d0 Drivers/STM32F4xx_HAL_Driver/Src/stm32f4xx_hal_cortex.o
 .debug_line    0x0000000000006869      0x88b Drivers/STM32F4xx_HAL_Driver/Src/stm32f4xx_hal_gpio.o
 .debug_line    0x00000000000070f4      0x904 Drivers/STM32F4xx_HAL_Driver/Src/stm32f4xx_hal_rcc.o
 .debug_line    0x00000000000079f8     0x1068 Drivers/STM32F4xx_HAL_Driver/Src/stm32f4xx_hal_spi.o
 .debug_line    0x0000000000008a60      0xfba Drivers/STM32F4xx_HAL_Driver/Src/stm32f4xx_hal_uart.o
 .debug_line    0x0000000000009a1a      0x87f FATFS/App/fatfs.o
 .debug_line    0x000000000000a299      0xa1b FATFS/Target/user_diskio.o
 .debug_line    0x000000000000acb4      0x8a7 Middlewares/Third_Party/FatFs/src/diskio.o
 .debug_line    0x000000000000b55b     0x1fa1 Middlewares/Third_Party/FatFs/src/ff.o
 .debug_line    0x000000000000d4fc      0x8a7 Middlewares/Third_Party/FatFs/src/ff_gen_drv.o
 .debug_line    0x000000000000dda3      0x8d5 Middlewares/Third_Party/FatFs/src/option/ccsbcs.o

.debug_str      0x0000000000000000    0xc6996
 .debug_str     0x0000000000000000    0xbd831 Core/Src/gpio.o
                                      0xbdaef (size before relaxing)
 .debug_str     0x00000000000bd831     0x5b8c Core/Src/httpd.o
                                      0xc3100 (size before relaxing)
 .debug_str     0x00000000000c33bd      0x4e2 Core/Src/main.o
                                      0xc2a8f (size before relaxing)
 .debug_str     0x00000000000c389f      0x21d Core/Src/sd_spi.o
                                      0xc2b0f (size before relaxing)
 .debug_str     0x00000000000c3abc       0x58 Core/Src/spi.o
                                      0xbda71 (size before relaxing)
 .debug_str     0x00000000000c3b14       0x2c Core/Src/stm32f4xx_hal_msp.o
                                      0xbd566 (size before relaxing)
 .debug_str     0x00000000000c3b40       0xd0 Core/Src/stm32f4xx_it.o
                                      0xbd51b (size before relaxing)
 .debug_str     0x00000000000c3c10       0xc4 Core/Src/system_stm32f4xx.o
                                      0xbd43a (size before relaxing)
 .debug_str     0x00000000000c3cd4       0x57 Core/Src/usart.o
                                      0xbda41 (size before relaxing)
 .debug_str     0x00000000000c3d2b      0x1e0 Core/Src/w5500.o
                                      0xc28ff (size before relaxing)
 .debug_str     0x00000000000c3f0b       0x36 Core/Startup/startup_stm32f407vgtx.o
                                         0x95 (size before relaxing)
 .debug_str     0x00000000000c3f41      0x58d Drivers/STM32F4xx_HAL_Driver/Src/stm32f4xx_hal.o
                                      0xbdf07 (size before relaxing)
 .debug_str     0x00000000000c44ce      0x399 Drivers/STM32F4xx_HAL_Driver/Src/stm32f4xx_hal_cortex.o
                                      0xbdcf6 (size before relaxing)
 .debug_str     0x00000000000c4867      0x1ec Drivers/STM32F4xx_HAL_Driver/Src/stm32f4xx_hal_gpio.o
                                      0xbd679 (size before relaxing)
 .debug_str     0x00000000000c4a53      0x259 Drivers/STM32F4xx_HAL_Driver/Src/stm32f4xx_hal_rcc.o
                                      0xbd827 (size before relaxing)
 .debug_str     0x00000000000c4cac      0x56a Drivers/STM32F4xx_HAL_Driver/Src/stm32f4xx_hal_spi.o
                                      0xbdca8 (size before relaxing)
 .debug_str     0x00000000000c5216      0x513 Drivers/STM32F4xx_HAL_Driver/Src/stm32f4xx_hal_uart.o
                                      0xbdc86 (size before relaxing)
 .debug_str     0x00000000000c5729       0x2f FATFS/App/fatfs.o
                                      0xc0c34 (size before relaxing)
 .debug_str     0x00000000000c5758       0x86 FATFS/Target/user_diskio.o
                                      0xc2280 (size before relaxing)
 .debug_str     0x00000000000c57de       0x52 Middlewares/Third_Party/FatFs/src/diskio.o
                                      0xc0b41 (size before relaxing)
 .debug_str     0x00000000000c5830     0x1064 Middlewares/Third_Party/FatFs/src/ff.o
                                      0xc1df3 (size before relaxing)
 .debug_str     0x00000000000c6894       0xa2 Middlewares/Third_Party/FatFs/src/ff_gen_drv.o
                                      0xc0b92 (size before relaxing)
 .debug_str     0x00000000000c6936       0x60 Middlewares/Third_Party/FatFs/src/option/ccsbcs.o
                                      0xc0928 (size before relaxing)

.comment        0x0000000000000000       0x7b
 .comment       0x0000000000000000       0x7b Core/Src/gpio.o
                                         0x7c (size before relaxing)
 .comment       0x000000000000007b       0x7c Core/Src/httpd.o
 .comment       0x000000000000007b       0x7c Core/Src/main.o
 .comment       0x000000000000007b       0x7c Core/Src/sd_spi.o
 .comment       0x000000000000007b       0x7c Core/Src/spi.o
 .comment       0x000000000000007b       0x7c Core/Src/stm32f4xx_hal_msp.o
 .comment       0x000000000000007b       0x7c Core/Src/stm32f4xx_it.o
 .comment       0x000000000000007b       0x7c Core/Src/system_stm32f4xx.o
 .comment       0x000000000000007b       0x7c Core/Src/usart.o
 .comment       0x000000000000007b       0x7c Core/Src/w5500.o
 .comment       0x000000000000007b       0x7c Drivers/STM32F4xx_HAL_Driver/Src/stm32f4xx_hal.o
 .comment       0x000000000000007b       0x7c Drivers/STM32F4xx_HAL_Driver/Src/stm32f4xx_hal_cortex.o
 .comment       0x000000000000007b       0x7c Drivers/STM32F4xx_HAL_Driver/Src/stm32f4xx_hal_gpio.o
 .comment       0x000000000000007b       0x7c Drivers/STM32F4xx_HAL_Driver/Src/stm32f4xx_hal_rcc.o
 .comment       0x000000000000007b       0x7c Drivers/STM32F4xx_HAL_Driver/Src/stm32f4xx_hal_spi.o
 .comment       0x000000000000007b       0x7c Drivers/STM32F4xx_HAL_Driver/Src/stm32f4xx_hal_uart.o
 .comment       0x000000000000007b       0x7c FATFS/App/fatfs.o
 .comment       0x000000000000007b       0x7c FATFS/Target/user_diskio.o
 .comment       0x000000000000007b       0x7c Middlewares/Third_Party/FatFs/src/diskio.o
 .comment       0x000000000000007b       0x7c Middlewares/Third_Party/FatFs/src/ff.o
 .comment       0x000000000000007b       0x7c Middlewares/Third_Party/FatFs/src/ff_gen_drv.o
 .comment       0x000000000000007b       0x7c Middlewares/Third_Party/FatFs/src/option/ccsbcs.o

.debug_frame    0x0000000000000000     0x33c0
 .debug_frame   0x0000000000000000       0x34 Core/Src/gpio.o
 .debug_frame   0x0000000000000034       0xc8 Core/Src/httpd.o
 .debug_frame   0x00000000000000fc       0x94 Core/Src/main.o
 .debug_frame   0x0000000000000190      0x200 Core/Src/sd_spi.o
 .debug_frame   0x0000000000000390       0x90 Core/Src/spi.o
 .debug_frame   0x0000000000000420       0x34 Core/Src/stm32f4xx_hal_msp.o
 .debug_frame   0x0000000000000454      0x128 Core/Src/stm32f4xx_it.o
 .debug_frame   0x000000000000057c       0x58 Core/Src/system_stm32f4xx.o
 .debug_frame   0x00000000000005d4       0x74 Core/Src/usart.o
 .debug_frame   0x0000000000000648      0x358 Core/Src/w5500.o
 .debug_frame   0x00000000000009a0      0x374 Drivers/STM32F4xx_HAL_Driver/Src/stm32f4xx_hal.o
 .debug_frame   0x0000000000000d14      0x498 Drivers/STM32F4xx_HAL_Driver/Src/stm32f4xx_hal_cortex.o
 .debug_frame   0x00000000000011ac      0x14c Drivers/STM32F4xx_HAL_Driver/Src/stm32f4xx_hal_gpio.o
 .debug_frame   0x00000000000012f8      0x1f0 Drivers/STM32F4xx_HAL_Driver/Src/stm32f4xx_hal_rcc.o
 .debug_frame   0x00000000000014e8      0x824 Drivers/STM32F4xx_HAL_Driver/Src/stm32f4xx_hal_spi.o
 .debug_frame   0x0000000000001d0c      0x844 Drivers/STM32F4xx_HAL_Driver/Src/stm32f4xx_hal_uart.o
 .debug_frame   0x0000000000002550       0x4c FATFS/App/fatfs.o
 .debug_frame   0x000000000000259c       0xc8 FATFS/Target/user_diskio.o
 .debug_frame   0x0000000000002664       0xec Middlewares/Third_Party/FatFs/src/diskio.o
 .debug_frame   0x0000000000002750      0xa0c Middlewares/Third_Party/FatFs/src/ff.o
 .debug_frame   0x000000000000315c       0xc8 Middlewares/Third_Party/FatFs/src/ff_gen_drv.o
 .debug_frame   0x0000000000003224       0x60 Middlewares/Third_Party/FatFs/src/option/ccsbcs.o
 .debug_frame   0x0000000000003284       0x2c c:/st/stm32cubeide_1.4.0/stm32cubeide/plugins/com.st.stm32cube.ide.mcu.externaltools.gnu-tools-for-stm32.7-2018-q2-update.win32_1.4.0.202007081208/tools/bin/../lib/gcc/arm-none-eabi/7.3.1/../../../../arm-none-eabi/lib/thumb/v7e-m/fpv4-sp/hard\libc_nano.a(lib_a-init.o)
 .debug_frame   0x00000000000032b0       0x28 c:/st/stm32cubeide_1.4.0/stm32cubeide/plugins/com.st.stm32cube.ide.mcu.externaltools.gnu-tools-for-stm32.7-2018-q2-update.win32_1.4.0.202007081208/tools/bin/../lib/gcc/arm-none-eabi/7.3.1/../../../../arm-none-eabi/lib/thumb/v7e-m/fpv4-sp/hard\libc_nano.a(lib_a-memcpy-stub.o)
 .debug_frame   0x00000000000032d8       0x20 c:/st/stm32cubeide_1.4.0/stm32cubeide/plugins/com.st.stm32cube.ide.mcu.externaltools.gnu-tools-for-stm32.7-2018-q2-update.win32_1.4.0.202007081208/tools/bin/../lib/gcc/arm-none-eabi/7.3.1/../../../../arm-none-eabi/lib/thumb/v7e-m/fpv4-sp/hard\libc_nano.a(lib_a-memset.o)
 .debug_frame   0x00000000000032f8       0x20 c:/st/stm32cubeide_1.4.0/stm32cubeide/plugins/com.st.stm32cube.ide.mcu.externaltools.gnu-tools-for-stm32.7-2018-q2-update.win32_1.4.0.202007081208/tools/bin/../lib/gcc/arm-none-eabi/7.3.1/../../../../arm-none-eabi/lib/thumb/v7e-m/fpv4-sp/hard\libc_nano.a(lib_a-strchr.o)
 .debug_frame   0x0000000000003318       0x20 c:/st/stm32cubeide_1.4.0/stm32cubeide/plugins/com.st.stm32cube.ide.mcu.externaltools.gnu-tools-for-stm32.7-2018-q2-update.win32_1.4.0.202007081208/tools/bin/../lib/gcc/arm-none-eabi/7.3.1/../../../../arm-none-eabi/lib/thumb/v7e-m/fpv4-sp/hard\libc_nano.a(lib_a-strcpy.o)
 .debug_frame   0x0000000000003338       0x28 c:/st/stm32cubeide_1.4.0/stm32cubeide/plugins/com.st.stm32cube.ide.mcu.externaltools.gnu-tools-for-stm32.7-2018-q2-update.win32_1.4.0.202007081208/tools/bin/../lib/gcc/arm-none-eabi/7.3.1/../../../../arm-none-eabi/lib/thumb/v7e-m/fpv4-sp/hard\libc_nano.a(lib_a-strncmp.o)
 .debug_frame   0x0000000000003360       0x2c c:/st/stm32cubeide_1.4.0/stm32cubeide/plugins/com.st.stm32cube.ide.mcu.externaltools.gnu-tools-for-stm32.7-2018-q2-update.win32_1.4.0.202007081208/tools/bin/../lib/gcc/arm-none-eabi/7.3.1/thumb/v7e-m/fpv4-sp/hard\libgcc.a(_aeabi_uldivmod.o)
 .debug_frame   0x000000000000338c       0x34 c:/st/stm32cubeide_1.4.0/stm32cubeide/plugins/com.st.stm32cube.ide.mcu.externaltools.gnu-tools-for-stm32.7-2018-q2-update.win32_1.4.0.202007081208/tools/bin/../lib/gcc/arm-none-eabi/7.3.1/thumb/v7e-m/fpv4-sp/hard\libgcc.a(_udivmoddi4.o)
